Archive member included to satisfy reference by file (symbol)

c:/st/stm32cubeide_1.4.0/stm32cubeide/plugins/com.st.stm32cube.ide.mcu.externaltools.gnu-tools-for-stm32.7-2018-q2-update.win32_1.4.0.202007081208/tools/bin/../lib/gcc/arm-none-eabi/7.3.1/../../../../arm-none-eabi/lib/thumb/v7e-m/fpv4-sp/hard\libc_nano.a(lib_a-errno.o)
                              Core/Src/syscalls.o (__errno)
c:/st/stm32cubeide_1.4.0/stm32cubeide/plugins/com.st.stm32cube.ide.mcu.externaltools.gnu-tools-for-stm32.7-2018-q2-update.win32_1.4.0.202007081208/tools/bin/../lib/gcc/arm-none-eabi/7.3.1/../../../../arm-none-eabi/lib/thumb/v7e-m/fpv4-sp/hard\libc_nano.a(lib_a-exit.o)
                              c:/st/stm32cubeide_1.4.0/stm32cubeide/plugins/com.st.stm32cube.ide.mcu.externaltools.gnu-tools-for-stm32.7-2018-q2-update.win32_1.4.0.202007081208/tools/bin/../lib/gcc/arm-none-eabi/7.3.1/../../../../arm-none-eabi/lib/thumb/v7e-m/fpv4-sp/hard/crt0.o (exit)
c:/st/stm32cubeide_1.4.0/stm32cubeide/plugins/com.st.stm32cube.ide.mcu.externaltools.gnu-tools-for-stm32.7-2018-q2-update.win32_1.4.0.202007081208/tools/bin/../lib/gcc/arm-none-eabi/7.3.1/../../../../arm-none-eabi/lib/thumb/v7e-m/fpv4-sp/hard\libc_nano.a(lib_a-impure.o)
                              c:/st/stm32cubeide_1.4.0/stm32cubeide/plugins/com.st.stm32cube.ide.mcu.externaltools.gnu-tools-for-stm32.7-2018-q2-update.win32_1.4.0.202007081208/tools/bin/../lib/gcc/arm-none-eabi/7.3.1/../../../../arm-none-eabi/lib/thumb/v7e-m/fpv4-sp/hard\libc_nano.a(lib_a-exit.o) (_global_impure_ptr)
c:/st/stm32cubeide_1.4.0/stm32cubeide/plugins/com.st.stm32cube.ide.mcu.externaltools.gnu-tools-for-stm32.7-2018-q2-update.win32_1.4.0.202007081208/tools/bin/../lib/gcc/arm-none-eabi/7.3.1/../../../../arm-none-eabi/lib/thumb/v7e-m/fpv4-sp/hard\libc_nano.a(lib_a-init.o)
                              c:/st/stm32cubeide_1.4.0/stm32cubeide/plugins/com.st.stm32cube.ide.mcu.externaltools.gnu-tools-for-stm32.7-2018-q2-update.win32_1.4.0.202007081208/tools/bin/../lib/gcc/arm-none-eabi/7.3.1/../../../../arm-none-eabi/lib/thumb/v7e-m/fpv4-sp/hard/crt0.o (__libc_init_array)
c:/st/stm32cubeide_1.4.0/stm32cubeide/plugins/com.st.stm32cube.ide.mcu.externaltools.gnu-tools-for-stm32.7-2018-q2-update.win32_1.4.0.202007081208/tools/bin/../lib/gcc/arm-none-eabi/7.3.1/../../../../arm-none-eabi/lib/thumb/v7e-m/fpv4-sp/hard\libc_nano.a(lib_a-malloc.o)
                              Core/Src/main.o (malloc)
c:/st/stm32cubeide_1.4.0/stm32cubeide/plugins/com.st.stm32cube.ide.mcu.externaltools.gnu-tools-for-stm32.7-2018-q2-update.win32_1.4.0.202007081208/tools/bin/../lib/gcc/arm-none-eabi/7.3.1/../../../../arm-none-eabi/lib/thumb/v7e-m/fpv4-sp/hard\libc_nano.a(lib_a-memset.o)
                              c:/st/stm32cubeide_1.4.0/stm32cubeide/plugins/com.st.stm32cube.ide.mcu.externaltools.gnu-tools-for-stm32.7-2018-q2-update.win32_1.4.0.202007081208/tools/bin/../lib/gcc/arm-none-eabi/7.3.1/../../../../arm-none-eabi/lib/thumb/v7e-m/fpv4-sp/hard/crt0.o (memset)
c:/st/stm32cubeide_1.4.0/stm32cubeide/plugins/com.st.stm32cube.ide.mcu.externaltools.gnu-tools-for-stm32.7-2018-q2-update.win32_1.4.0.202007081208/tools/bin/../lib/gcc/arm-none-eabi/7.3.1/../../../../arm-none-eabi/lib/thumb/v7e-m/fpv4-sp/hard\libc_nano.a(lib_a-nano-freer.o)
                              c:/st/stm32cubeide_1.4.0/stm32cubeide/plugins/com.st.stm32cube.ide.mcu.externaltools.gnu-tools-for-stm32.7-2018-q2-update.win32_1.4.0.202007081208/tools/bin/../lib/gcc/arm-none-eabi/7.3.1/../../../../arm-none-eabi/lib/thumb/v7e-m/fpv4-sp/hard\libc_nano.a(lib_a-malloc.o) (_free_r)
c:/st/stm32cubeide_1.4.0/stm32cubeide/plugins/com.st.stm32cube.ide.mcu.externaltools.gnu-tools-for-stm32.7-2018-q2-update.win32_1.4.0.202007081208/tools/bin/../lib/gcc/arm-none-eabi/7.3.1/../../../../arm-none-eabi/lib/thumb/v7e-m/fpv4-sp/hard\libc_nano.a(lib_a-nano-mallocr.o)
                              c:/st/stm32cubeide_1.4.0/stm32cubeide/plugins/com.st.stm32cube.ide.mcu.externaltools.gnu-tools-for-stm32.7-2018-q2-update.win32_1.4.0.202007081208/tools/bin/../lib/gcc/arm-none-eabi/7.3.1/../../../../arm-none-eabi/lib/thumb/v7e-m/fpv4-sp/hard\libc_nano.a(lib_a-malloc.o) (_malloc_r)
c:/st/stm32cubeide_1.4.0/stm32cubeide/plugins/com.st.stm32cube.ide.mcu.externaltools.gnu-tools-for-stm32.7-2018-q2-update.win32_1.4.0.202007081208/tools/bin/../lib/gcc/arm-none-eabi/7.3.1/../../../../arm-none-eabi/lib/thumb/v7e-m/fpv4-sp/hard\libc_nano.a(lib_a-nano-vfprintf_float.o)
                              (_printf_float)
c:/st/stm32cubeide_1.4.0/stm32cubeide/plugins/com.st.stm32cube.ide.mcu.externaltools.gnu-tools-for-stm32.7-2018-q2-update.win32_1.4.0.202007081208/tools/bin/../lib/gcc/arm-none-eabi/7.3.1/../../../../arm-none-eabi/lib/thumb/v7e-m/fpv4-sp/hard\libc_nano.a(lib_a-nano-vfprintf_i.o)
[...]
Memory Configuration

Name             Origin             Length             Attributes
CCMRAM           0x0000000010000000 0x0000000000010000 xrw
RAM              0x0000000020000000 0x0000000000020000 xrw
FLASH            0x0000000008000000 0x0000000000100000 xr
*default*        0x0000000000000000 0xffffffffffffffff

Linker script and memory map

LOAD c:/st/stm32cubeide_1.4.0/stm32cubeide/plugins/com.st.stm32cube.ide.mcu.externaltools.gnu-tools-for-stm32.7-2018-q2-update.win32_1.4.0.202007081208/tools/bin/../lib/gcc/arm-none-eabi/7.3.1/thumb/v7e-m/fpv4-sp/hard/crti.o
LOAD c:/st/stm32cubeide_1.4.0/stm32cubeide/plugins/com.st.stm32cube.ide.mcu.externaltools.gnu-tools-for-stm32.7-2018-q2-update.win32_1.4.0.202007081208/tools/bin/../lib/gcc/arm-none-eabi/7.3.1/thumb/v7e-m/fpv4-sp/hard/crtbegin.o
LOAD c:/st/stm32cubeide_1.4.0/stm32cubeide/plugins/com.st.stm32cube.ide.mcu.externaltools.gnu-tools-for-stm32.7-2018-q2-update.win32_1.4.0.202007081208/tools/bin/../lib/gcc/arm-none-eabi/7.3.1/../../../../arm-none-eabi/lib/thumb/v7e-m/fpv4-sp/hard/crt0.o
LOAD Core/BSP/ili9325.o
LOAD Core/BSP/openx07v_c_lcd.o
LOAD Core/BSP/touch_panel.o
LOAD Core/Fonts/font12.o
LOAD Core/Fonts/font16.o
LOAD Core/Fonts/font20.o
LOAD Core/Fonts/font24.o
LOAD Core/Fonts/font8.o
LOAD Core/Src/adc.o
LOAD Core/Src/dma.o
LOAD Core/Src/fsmc.o
LOAD Core/Src/gpio.o
LOAD Core/Src/i2c.o
LOAD Core/Src/lsm9ds1_reg.o
LOAD Core/Src/main.o
LOAD Core/Src/spi.o
LOAD Core/Src/stm32f4xx_hal_msp.o
LOAD Core/Src/stm32f4xx_it.o
LOAD Core/Src/syscalls.o
LOAD Core/Src/sysmem.o
LOAD Core/Src/system_stm32f4xx.o
LOAD Core/Src/tim.o
LOAD Core/Src/usart.o
LOAD Core/Startup/startup_stm32f407vgtx.o
LOAD Drivers/STM32F4xx_HAL_Driver/Src/stm32f4xx_hal.o
LOAD Drivers/STM32F4xx_HAL_Driver/Src/stm32f4xx_hal_adc.o
LOAD Drivers/STM32F4xx_HAL_Driver/Src/stm32f4xx_hal_adc_ex.o
LOAD Drivers/STM32F4xx_HAL_Driver/Src/stm32f4xx_hal_cortex.o
LOAD Drivers/STM32F4xx_HAL_Driver/Src/stm32f4xx_hal_dma.o
LOAD Drivers/STM32F4xx_HAL_Driver/Src/stm32f4xx_hal_dma_ex.o
LOAD Drivers/STM32F4xx_HAL_Driver/Src/stm32f4xx_hal_exti.o
LOAD Drivers/STM32F4xx_HAL_Driver/Src/stm32f4xx_hal_flash.o
LOAD Drivers/STM32F4xx_HAL_Driver/Src/stm32f4xx_hal_flash_ex.o
LOAD Drivers/STM32F4xx_HAL_Driver/Src/stm32f4xx_hal_flash_ramfunc.o
LOAD Drivers/STM32F4xx_HAL_Driver/Src/stm32f4xx_hal_gpio.o
LOAD Drivers/STM32F4xx_HAL_Driver/Src/stm32f4xx_hal_i2c.o
LOAD Drivers/STM32F4xx_HAL_Driver/Src/stm32f4xx_hal_i2c_ex.o
LOAD Drivers/STM32F4xx_HAL_Driver/Src/stm32f4xx_hal_pwr.o
LOAD Drivers/STM32F4xx_HAL_Driver/Src/stm32f4xx_hal_pwr_ex.o
LOAD Drivers/STM32F4xx_HAL_Driver/Src/stm32f4xx_hal_rcc.o
LOAD Drivers/STM32F4xx_HAL_Driver/Src/stm32f4xx_hal_rcc_ex.o
LOAD Drivers/STM32F4xx_HAL_Driver/Src/stm32f4xx_hal_spi.o
LOAD Drivers/STM32F4xx_HAL_Driver/Src/stm32f4xx_hal_sram.o
LOAD Drivers/STM32F4xx_HAL_Driver/Src/stm32f4xx_hal_tim.o
LOAD Drivers/STM32F4xx_HAL_Driver/Src/stm32f4xx_hal_tim_ex.o
LOAD Drivers/STM32F4xx_HAL_Driver/Src/stm32f4xx_hal_uart.o
LOAD Drivers/STM32F4xx_HAL_Driver/Src/stm32f4xx_ll_fsmc.o
START GROUP
LOAD c:/st/stm32cubeide_1.4.0/stm32cubeide/plugins/com.st.stm32cube.ide.mcu.externaltools.gnu-tools-for-stm32.7-2018-q2-update.win32_1.4.0.202007081208/tools/bin/../lib/gcc/arm-none-eabi/7.3.1/../../../../arm-none-eabi/lib/thumb/v7e-m/fpv4-sp/hard\libc_nano.a
LOAD c:/st/stm32cubeide_1.4.0/stm32cubeide/plugins/com.st.stm32cube.ide.mcu.externaltools.gnu-tools-for-stm32.7-2018-q2-update.win32_1.4.0.202007081208/tools/bin/../lib/gcc/arm-none-eabi/7.3.1/../../../../arm-none-eabi/lib/thumb/v7e-m/fpv4-sp/hard\libm.a
END GROUP
START GROUP
LOAD c:/st/stm32cubeide_1.4.0/stm32cubeide/plugins/com.st.stm32cube.ide.mcu.externaltools.gnu-tools-for-stm32.7-2018-q2-update.win32_1.4.0.202007081208/tools/bin/../lib/gcc/arm-none-eabi/7.3.1/thumb/v7e-m/fpv4-sp/hard\libgcc.a
LOAD c:/st/stm32cubeide_1.4.0/stm32cubeide/plugins/com.st.stm32cube.ide.mcu.externaltools.gnu-tools-for-stm32.7-2018-q2-update.win32_1.4.0.202007081208/tools/bin/../lib/gcc/arm-none-eabi/7.3.1/../../../../arm-none-eabi/lib/thumb/v7e-m/fpv4-sp/hard\libc_nano.a
END GROUP
START GROUP
LOAD c:/st/stm32cubeide_1.4.0/stm32cubeide/plugins/com.st.stm32cube.ide.mcu.externaltools.gnu-tools-for-stm32.7-2018-q2-update.win32_1.4.0.202007081208/tools/bin/../lib/gcc/arm-none-eabi/7.3.1/thumb/v7e-m/fpv4-sp/hard\libgcc.a
LOAD c:/st/stm32cubeide_1.4.0/stm32cubeide/plugins/com.st.stm32cube.ide.mcu.externaltools.gnu-tools-for-stm32.7-2018-q2-update.win32_1.4.0.202007081208/tools/bin/../lib/gcc/arm-none-eabi/7.3.1/../../../../arm-none-eabi/lib/thumb/v7e-m/fpv4-sp/hard\libc_nano.a
LOAD c:/st/stm32cubeide_1.4.0/stm32cubeide/plugins/com.st.stm32cube.ide.mcu.externaltools.gnu-tools-for-stm32.7-2018-q2-update.win32_1.4.0.202007081208/tools/bin/../lib/gcc/arm-none-eabi/7.3.1/../../../../arm-none-eabi/lib/thumb/v7e-m/fpv4-sp/hard\libnosys.a
END GROUP
START GROUP
LOAD c:/st/stm32cubeide_1.4.0/stm32cubeide/plugins/com.st.stm32cube.ide.mcu.externaltools.gnu-tools-for-stm32.7-2018-q2-update.win32_1.4.0.202007081208/tools/bin/../lib/gcc/arm-none-eabi/7.3.1/thumb/v7e-m/fpv4-sp/hard\libgcc.a
LOAD c:/st/stm32cubeide_1.4.0/stm32cubeide/plugins/com.st.stm32cube.ide.mcu.externaltools.gnu-tools-for-stm32.7-2018-q2-update.win32_1.4.0.202007081208/tools/bin/../lib/gcc/arm-none-eabi/7.3.1/../../../../arm-none-eabi/lib/thumb/v7e-m/fpv4-sp/hard\libc_nano.a
LOAD c:/st/stm32cubeide_1.4.0/stm32cubeide/plugins/com.st.stm32cube.ide.mcu.externaltools.gnu-tools-for-stm32.7-2018-q2-update.win32_1.4.0.202007081208/tools/bin/../lib/gcc/arm-none-eabi/7.3.1/../../../../arm-none-eabi/lib/thumb/v7e-m/fpv4-sp/hard\libnosys.a
END GROUP
LOAD c:/st/stm32cubeide_1.4.0/stm32cubeide/plugins/com.st.stm32cube.ide.mcu.externaltools.gnu-tools-for-stm32.7-2018-q2-update.win32_1.4.0.202007081208/tools/bin/../lib/gcc/arm-none-eabi/7.3.1/thumb/v7e-m/fpv4-sp/hard/crtend.o
LOAD c:/st/stm32cubeide_1.4.0/stm32cubeide/plugins/com.st.stm32cube.ide.mcu.externaltools.gnu-tools-for-stm32.7-2018-q2-update.win32_1.4.0.202007081208/tools/bin/../lib/gcc/arm-none-eabi/7.3.1/thumb/v7e-m/fpv4-sp/hard/crtn.o
                0x0000000020020000                _estack = (ORIGIN (RAM) + LENGTH (RAM))
                0x0000000000000200                _Min_Heap_Size = 0x200
                0x0000000000000400                _Min_Stack_Size = 0x400

.isr_vector     0x0000000008000000      0x188
                0x0000000008000000                . = ALIGN (0x4)
 *(.isr_vector)
 .isr_vector    0x0000000008000000      0x188 Core/Startup/startup_stm32f407vgtx.o
                0x0000000008000000                g_pfnVectors
                0x0000000008000188                . = ALIGN (0x4)

.text           0x0000000008000190     0xe750
                0x0000000008000190                . = ALIGN (0x4)
 *(.text)
 .text          0x0000000008000190       0x40 c:/st/stm32cubeide_1.4.0/stm32cubeide/plugins/com.st.stm32cube.ide.mcu.externaltools.gnu-tools-for-stm32.7-2018-q2-update.win32_1.4.0.202007081208/tools/bin/../lib/gcc/arm-none-eabi/7.3.1/thumb/v7e-m/fpv4-sp/hard/crtbegin.o
 .text          0x00000000080001d0       0x10 c:/st/stm32cubeide_1.4.0/stm32cubeide/plugins/com.st.stm32cube.ide.mcu.externaltools.gnu-tools-for-stm32.7-2018-q2-update.win32_1.4.0.202007081208/tools/bin/../lib/gcc/arm-none-eabi/7.3.1/../../../../arm-none-eabi/lib/thumb/v7e-m/fpv4-sp/hard\libc_nano.a(lib_a-strlen.o)
                0x00000000080001d0                strlen
 .text          0x00000000080001e0       0xa0 c:/st/stm32cubeide_1.4.0/stm32cubeide/plugins/com.st.stm32cube.ide.mcu.externaltools.gnu-tools-for-stm32.7-2018-q2-update.win32_1.4.0.202007081208/tools/bin/../lib/gcc/arm-none-eabi/7.3.1/../../../../arm-none-eabi/lib/thumb/v7e-m/fpv4-sp/hard\libc_nano.a(lib_a-memchr.o)
                0x00000000080001e0                memchr
 .text          0x0000000008000280      0x378 c:/st/stm32cubeide_1.4.0/stm32cubeide/plugins/com.st.stm32cube.ide.mcu.externaltools.gnu-tools-for-stm32.7-2018-q2-update.win32_1.4.0.202007081208/tools/bin/../lib/gcc/arm-none-eabi/7.3.1/thumb/v7e-m/fpv4-sp/hard\libgcc.a(_arm_addsubdf3.o)
                0x0000000008000280                __aeabi_drsub
                0x0000000008000288                __aeabi_dsub
                0x0000000008000288                __subdf3
                0x000000000800028c                __aeabi_dadd
                0x000000000800028c                __adddf3
                0x0000000008000504                __floatunsidf
                0x0000000008000504                __aeabi_ui2d
                0x0000000008000524                __floatsidf
                0x0000000008000524                __aeabi_i2d
                0x0000000008000548                __aeabi_f2d
                0x0000000008000548                __extendsfdf2
                0x000000000800058c                __floatundidf
                0x000000000800058c                __aeabi_ul2d
                0x000000000800059c                __floatdidf
                0x000000000800059c                __aeabi_l2d
 .text          0x00000000080005f8      0x424 c:/st/stm32cubeide_1.4.0/stm32cubeide/plugins/com.st.stm32cube.ide.mcu.externaltools.gnu-tools-for-stm32.7-2018-q2-update.win32_1.4.0.202007081208/tools/bin/../lib/gcc/arm-none-eabi/7.3.1/thumb/v7e-m/fpv4-sp/hard\libgcc.a(_arm_muldivdf3.o)
                0x00000000080005f8                __aeabi_dmul
                0x00000000080005f8                __muldf3
                0x000000000800084c                __divdf3
                0x000000000800084c                __aeabi_ddiv
 .text          0x0000000008000a1c      0x110 c:/st/stm32cubeide_1.4.0/stm32cubeide/plugins/com.st.stm32cube.ide.mcu.externaltools.gnu-tools-for-stm32.7-2018-q2-update.win32_1.4.0.202007081208/tools/bin/../lib/gcc/arm-none-eabi/7.3.1/thumb/v7e-m/fpv4-sp/hard\libgcc.a(_arm_cmpdf2.o)
                0x0000000008000a1c                __gtdf2
                0x0000000008000a1c                __gedf2
                0x0000000008000a24                __ltdf2
                0x0000000008000a24                __ledf2
                0x0000000008000a2c                __nedf2
                0x0000000008000a2c                __eqdf2
                0x0000000008000a2c                __cmpdf2
                0x0000000008000aa8                __aeabi_cdrcmple
                0x0000000008000ab8                __aeabi_cdcmpeq
                0x0000000008000ab8                __aeabi_cdcmple
                0x0000000008000ac8                __aeabi_dcmpeq
                0x0000000008000adc                __aeabi_dcmplt
                0x0000000008000af0                __aeabi_dcmple
                0x0000000008000b04                __aeabi_dcmpge
                0x0000000008000b18                __aeabi_dcmpgt
 .text          0x0000000008000b2c       0x2c c:/st/stm32cubeide_1.4.0/stm32cubeide/plugins/com.st.stm32cube.ide.mcu.externaltools.gnu-tools-for-stm32.7-2018-q2-update.win32_1.4.0.202007081208/tools/bin/../lib/gcc/arm-none-eabi/7.3.1/thumb/v7e-m/fpv4-sp/hard\libgcc.a(_arm_unorddf2.o)
                0x0000000008000b2c                __unorddf2
                0x0000000008000b2c                __aeabi_dcmpun
 .text          0x0000000008000b58       0x50 c:/st/stm32cubeide_1.4.0/stm32cubeide/plugins/com.st.stm32cube.ide.mcu.externaltools.gnu-tools-for-stm32.7-2018-q2-update.win32_1.4.0.202007081208/tools/bin/../lib/gcc/arm-none-eabi/7.3.1/thumb/v7e-m/fpv4-sp/hard\libgcc.a(_arm_fixdfsi.o)
                0x0000000008000b58                __aeabi_d2iz
                0x0000000008000b58                __fixdfsi
 .text          0x0000000008000ba8       0x40 c:/st/stm32cubeide_1.4.0/stm32cubeide/plugins/com.st.stm32cube.ide.mcu.externaltools.gnu-tools-for-stm32.7-2018-q2-update.win32_1.4.0.202007081208/tools/bin/../lib/gcc/arm-none-eabi/7.3.1/thumb/v7e-m/fpv4-sp/hard\libgcc.a(_arm_fixunsdfsi.o)
                0x0000000008000ba8                __aeabi_d2uiz
                0x0000000008000ba8                __fixunsdfsi
 .text          0x0000000008000be8       0xa0 c:/st/stm32cubeide_1.4.0/stm32cubeide/plugins/com.st.stm32cube.ide.mcu.externaltools.gnu-tools-for-stm32.7-2018-q2-update.win32_1.4.0.202007081208/tools/bin/../lib/gcc/arm-none-eabi/7.3.1/thumb/v7e-m/fpv4-sp/hard\libgcc.a(_arm_truncdfsf2.o)
                0x0000000008000be8                __truncdfsf2
                0x0000000008000be8                __aeabi_d2f
 .text          0x0000000008000c88       0x30 c:/st/stm32cubeide_1.4.0/stm32cubeide/plugins/com.st.stm32cube.ide.mcu.externaltools.gnu-tools-for-stm32.7-2018-q2-update.win32_1.4.0.202007081208/tools/bin/../lib/gcc/arm-none-eabi/7.3.1/thumb/v7e-m/fpv4-sp/hard\libgcc.a(_aeabi_uldivmod.o)
                0x0000000008000c88                __aeabi_uldivmod
 .text          0x0000000008000cb8      0x2cc c:/st/stm32cubeide_1.4.0/stm32cubeide/plugins/com.st.stm32cube.ide.mcu.externaltools.gnu-tools-for-stm32.7-2018-q2-update.win32_1.4.0.202007081208/tools/bin/../lib/gcc/arm-none-eabi/7.3.1/thumb/v7e-m/fpv4-sp/hard\libgcc.a(_udivmoddi4.o)
                0x0000000008000cb8                __udivmoddi4
 .text          0x0000000008000f84        0x4 c:/st/stm32cubeide_1.4.0/stm32cubeide/plugins/com.st.stm32cube.ide.mcu.externaltools.gnu-tools-for-stm32.7-2018-q2-update.win32_1.4.0.202007081208/tools/bin/../lib/gcc/arm-none-eabi/7.3.1/thumb/v7e-m/fpv4-sp/hard\libgcc.a(_dvmd_tls.o)
                0x0000000008000f84                __aeabi_idiv0
                0x0000000008000f84                __aeabi_ldiv0
 *(.text*)
 .text.LCD_IO_Init
                0x0000000008000f88        0xe Core/BSP/ili9325.o
                0x0000000008000f88                LCD_IO_Init
 *fill*         0x0000000008000f96        0x2 
 .text.LCD_IO_WriteMultipleData
                0x0000000008000f98       0x44 Core/BSP/ili9325.o
                0x0000000008000f98                LCD_IO_WriteMultipleData
 .text.LCD_IO_WriteReg
                0x0000000008000fdc       0x20 Core/BSP/ili9325.o
                0x0000000008000fdc                LCD_IO_WriteReg
 .text.LCD_IO_ReadData
                0x0000000008000ffc       0x18 Core/BSP/ili9325.o
                0x0000000008000ffc                LCD_IO_ReadData
 .text.ili9325_Init
                0x0000000008001014      0x1f2 Core/BSP/ili9325.o
                0x0000000008001014                ili9325_Init
 .text.ili9325_DisplayOn
                0x0000000008001206       0x62 Core/BSP/ili9325.o
                0x0000000008001206                ili9325_DisplayOn
 .text.ili9325_DisplayOff
                0x0000000008001268       0x38 Core/BSP/ili9325.o
                0x0000000008001268                ili9325_DisplayOff
 .text.ili9325_GetLcdPixelWidth
                0x00000000080012a0       0x12 Core/BSP/ili9325.o
                0x00000000080012a0                ili9325_GetLcdPixelWidth
 .text.ili9325_GetLcdPixelHeight
                0x00000000080012b2       0x10 Core/BSP/ili9325.o
                0x00000000080012b2                ili9325_GetLcdPixelHeight
 .text.ili9325_ReadID
                0x00000000080012c2       0x14 Core/BSP/ili9325.o
                0x00000000080012c2                ili9325_ReadID
 .text.ili9325_SetCursor
                0x00000000080012d6       0x32 Core/BSP/ili9325.o
                0x00000000080012d6                ili9325_SetCursor
 .text.ili9325_WritePixel
                0x0000000008001308       0x36 Core/BSP/ili9325.o
                0x0000000008001308                ili9325_WritePixel
 .text.ili9325_ReadPixel
                0x000000000800133e       0x34 Core/BSP/ili9325.o
                0x000000000800133e                ili9325_ReadPixel
 .text.ili9325_WriteReg
                0x0000000008001372       0x2a Core/BSP/ili9325.o
                0x0000000008001372                ili9325_WriteReg
 .text.ili9325_ReadReg
                0x000000000800139c       0x2e Core/BSP/ili9325.o
                0x000000000800139c                ili9325_ReadReg
 .text.ili9325_SetDisplayWindow
                0x00000000080013ca       0x6c Core/BSP/ili9325.o
                0x00000000080013ca                ili9325_SetDisplayWindow
 *fill*         0x0000000008001436        0x2 
 .text.ili9325_DrawHLine
                0x0000000008001438       0x6c Core/BSP/ili9325.o
                0x0000000008001438                ili9325_DrawHLine
 .text.ili9325_DrawVLine
                0x00000000080014a4       0x80 Core/BSP/ili9325.o
                0x00000000080014a4                ili9325_DrawVLine
 .text.ili9325_DrawBitmap
                0x0000000008001524       0x9c Core/BSP/ili9325.o
                0x0000000008001524                ili9325_DrawBitmap
 .text.ili9325_DrawRGBImage
                0x00000000080015c0       0x52 Core/BSP/ili9325.o
                0x00000000080015c0                ili9325_DrawRGBImage
 *fill*         0x0000000008001612        0x2 
 .text.ili9325_Clear
                0x0000000008001614       0x3c Core/BSP/ili9325.o
                0x0000000008001614                ili9325_Clear
 .text.BSP_LCD_Init
                0x0000000008001650       0x9c Core/BSP/openx07v_c_lcd.o
                0x0000000008001650                BSP_LCD_Init
 .text.BSP_LCD_GetXSize
                0x00000000080016ec       0x18 Core/BSP/openx07v_c_lcd.o
                0x00000000080016ec                BSP_LCD_GetXSize
 .text.BSP_LCD_GetYSize
                0x0000000008001704       0x18 Core/BSP/openx07v_c_lcd.o
                0x0000000008001704                BSP_LCD_GetYSize
 .text.BSP_LCD_SetTextColor
                0x000000000800171c       0x20 Core/BSP/openx07v_c_lcd.o
                0x000000000800171c                BSP_LCD_SetTextColor
 .text.BSP_LCD_SetFont
                0x000000000800173c       0x20 Core/BSP/openx07v_c_lcd.o
                0x000000000800173c                BSP_LCD_SetFont
 .text.BSP_LCD_GetFont
                0x000000000800175c       0x18 Core/BSP/openx07v_c_lcd.o
                0x000000000800175c                BSP_LCD_GetFont
 .text.BSP_LCD_Clear
                0x0000000008001774       0x68 Core/BSP/openx07v_c_lcd.o
                0x0000000008001774                BSP_LCD_Clear
 .text.BSP_LCD_DisplayChar
                0x00000000080017dc       0x54 Core/BSP/openx07v_c_lcd.o
                0x00000000080017dc                BSP_LCD_DisplayChar
 .text.BSP_LCD_DisplayStringAt
                0x0000000008001830       0xf8 Core/BSP/openx07v_c_lcd.o
                0x0000000008001830                BSP_LCD_DisplayStringAt
 .text.BSP_LCD_DisplayStringAtLine
                0x0000000008001928       0x2e Core/BSP/openx07v_c_lcd.o
                0x0000000008001928                BSP_LCD_DisplayStringAtLine
 *fill*         0x0000000008001956        0x2 
 .text.BSP_LCD_DrawHLine
                0x0000000008001958       0x74 Core/BSP/openx07v_c_lcd.o
                0x0000000008001958                BSP_LCD_DrawHLine
 .text.BSP_LCD_DrawVLine
                0x00000000080019cc       0x74 Core/BSP/openx07v_c_lcd.o
                0x00000000080019cc                BSP_LCD_DrawVLine
 .text.BSP_LCD_DrawBitmap
                0x0000000008001a40       0x98 Core/BSP/openx07v_c_lcd.o
                0x0000000008001a40                BSP_LCD_DrawBitmap
 .text.BSP_LCD_DisplayOn
                0x0000000008001ad8       0x14 Core/BSP/openx07v_c_lcd.o
                0x0000000008001ad8                BSP_LCD_DisplayOn
 .text.LCD_DrawPixel
                0x0000000008001aec       0x38 Core/BSP/openx07v_c_lcd.o
 .text.LCD_DrawChar
                0x0000000008001b24      0x1e4 Core/BSP/openx07v_c_lcd.o
 .text.LCD_SetDisplayWindow
                0x0000000008001d08       0x44 Core/BSP/openx07v_c_lcd.o
 .text.TP_Init  0x0000000008001d4c        0xe Core/BSP/touch_panel.o
                0x0000000008001d4c                TP_Init
 .text.DelayUS  0x0000000008001d5a       0x26 Core/BSP/touch_panel.o
                0x0000000008001d5a                DelayUS
 .text.WR_CMD   0x0000000008001d80       0x24 Core/BSP/touch_panel.o
 .text.RD_AD    0x0000000008001da4       0x48 Core/BSP/touch_panel.o
 .text.Read_X   0x0000000008001dec       0x40 Core/BSP/touch_panel.o
                0x0000000008001dec                Read_X
 .text.Read_Y   0x0000000008001e2c       0x40 Core/BSP/touch_panel.o
                0x0000000008001e2c                Read_Y
 .text.TP_GetAdXY
                0x0000000008001e6c       0x30 Core/BSP/touch_panel.o
                0x0000000008001e6c                TP_GetAdXY
 .text.DrawCross
                0x0000000008001e9c       0x58 Core/BSP/touch_panel.o
                0x0000000008001e9c                DrawCross
 .text.Read_Ads7846
                0x0000000008001ef4      0x27c Core/BSP/touch_panel.o
                0x0000000008001ef4                Read_Ads7846
 .text.setCalibrationMatrix
                0x0000000008002170      0x31a Core/BSP/touch_panel.o
                0x0000000008002170                setCalibrationMatrix
 .text.getDisplayPoint
                0x000000000800248a      0x15e Core/BSP/touch_panel.o
                0x000000000800248a                getDisplayPoint
 .text.TouchPanel_Calibrate
                0x00000000080025e8       0xe0 Core/BSP/touch_panel.o
                0x00000000080025e8                TouchPanel_Calibrate
 .text.MX_ADC1_Init
                0x00000000080026c8       0xa4 Core/Src/adc.o
                0x00000000080026c8                MX_ADC1_Init
 .text.MX_ADC2_Init
                0x000000000800276c       0xa4 Core/Src/adc.o
                0x000000000800276c                MX_ADC2_Init
 .text.HAL_ADC_MspInit
                0x0000000008002810      0x1b8 Core/Src/adc.o
                0x0000000008002810                HAL_ADC_MspInit
 .text.MX_DMA_Init
                0x00000000080029c8       0x7c Core/Src/dma.o
                0x00000000080029c8                MX_DMA_Init
 .text.MX_FSMC_Init
                0x0000000008002a44       0xc0 Core/Src/fsmc.o
                0x0000000008002a44                MX_FSMC_Init
 .text.HAL_FSMC_MspInit
                0x0000000008002b04       0x98 Core/Src/fsmc.o
 .text.HAL_SRAM_MspInit
                0x0000000008002b9c       0x14 Core/Src/fsmc.o
                0x0000000008002b9c                HAL_SRAM_MspInit
 .text.MX_GPIO_Init
                0x0000000008002bb0      0x248 Core/Src/gpio.o
                0x0000000008002bb0                MX_GPIO_Init
 .text.MX_I2C1_Init
                0x0000000008002df8       0x5c Core/Src/i2c.o
                0x0000000008002df8                MX_I2C1_Init
 .text.HAL_I2C_MspInit
                0x0000000008002e54       0x90 Core/Src/i2c.o
                0x0000000008002e54                HAL_I2C_MspInit
 .text.lsm9ds1_read_reg
                0x0000000008002ee4       0x30 Core/Src/lsm9ds1_reg.o
                0x0000000008002ee4                lsm9ds1_read_reg
 .text.lsm9ds1_write_reg
                0x0000000008002f14       0x30 Core/Src/lsm9ds1_reg.o
                0x0000000008002f14                lsm9ds1_write_reg
 .text.lsm9ds1_from_fs4g_to_mg
                0x0000000008002f44       0x30 Core/Src/lsm9ds1_reg.o
                0x0000000008002f44                lsm9ds1_from_fs4g_to_mg
 .text.lsm9ds1_from_fs2000dps_to_mdps
                0x0000000008002f74       0x30 Core/Src/lsm9ds1_reg.o
                0x0000000008002f74                lsm9ds1_from_fs2000dps_to_mdps
 .text.lsm9ds1_from_fs16gauss_to_mG
                0x0000000008002fa4       0x30 Core/Src/lsm9ds1_reg.o
                0x0000000008002fa4                lsm9ds1_from_fs16gauss_to_mG
 .text.lsm9ds1_gy_full_scale_set
                0x0000000008002fd4       0x4c Core/Src/lsm9ds1_reg.o
                0x0000000008002fd4                lsm9ds1_gy_full_scale_set
 .text.lsm9ds1_imu_data_rate_set
                0x0000000008003020       0xca Core/Src/lsm9ds1_reg.o
                0x0000000008003020                lsm9ds1_imu_data_rate_set
 .text.lsm9ds1_xl_full_scale_set
                0x00000000080030ea       0x4c Core/Src/lsm9ds1_reg.o
                0x00000000080030ea                lsm9ds1_xl_full_scale_set
 .text.lsm9ds1_block_data_update_set
                0x0000000008003136       0x9e Core/Src/lsm9ds1_reg.o
                0x0000000008003136                lsm9ds1_block_data_update_set
 .text.lsm9ds1_mag_data_rate_set
                0x00000000080031d4       0xf6 Core/Src/lsm9ds1_reg.o
                0x00000000080031d4                lsm9ds1_mag_data_rate_set
 .text.lsm9ds1_mag_full_scale_set
                0x00000000080032ca       0x4c Core/Src/lsm9ds1_reg.o
                0x00000000080032ca                lsm9ds1_mag_full_scale_set
 .text.lsm9ds1_angular_rate_raw_get
                0x0000000008003316       0x22 Core/Src/lsm9ds1_reg.o
                0x0000000008003316                lsm9ds1_angular_rate_raw_get
 .text.lsm9ds1_acceleration_raw_get
                0x0000000008003338       0x22 Core/Src/lsm9ds1_reg.o
                0x0000000008003338                lsm9ds1_acceleration_raw_get
 .text.lsm9ds1_magnetic_raw_get
                0x000000000800335a       0x22 Core/Src/lsm9ds1_reg.o
                0x000000000800335a                lsm9ds1_magnetic_raw_get
 .text.lsm9ds1_dev_id_get
                0x000000000800337c       0x3a Core/Src/lsm9ds1_reg.o
                0x000000000800337c                lsm9ds1_dev_id_get
 .text.lsm9ds1_dev_status_get
                0x00000000080033b6       0x3a Core/Src/lsm9ds1_reg.o
                0x00000000080033b6                lsm9ds1_dev_status_get
 .text.lsm9ds1_dev_reset_set
                0x00000000080033f0       0x8a Core/Src/lsm9ds1_reg.o
                0x00000000080033f0                lsm9ds1_dev_reset_set
 .text.lsm9ds1_dev_reset_get
                0x000000000800347a       0x56 Core/Src/lsm9ds1_reg.o
                0x000000000800347a                lsm9ds1_dev_reset_get
 .text.lsm9ds1_gy_filter_lp_bandwidth_set
                0x00000000080034d0       0x4c Core/Src/lsm9ds1_reg.o
                0x00000000080034d0                lsm9ds1_gy_filter_lp_bandwidth_set
 .text.lsm9ds1_gy_filter_out_path_set
                0x000000000800351c       0x8a Core/Src/lsm9ds1_reg.o
                0x000000000800351c                lsm9ds1_gy_filter_out_path_set
 .text.lsm9ds1_gy_filter_hp_bandwidth_set
                0x00000000080035a6       0x4c Core/Src/lsm9ds1_reg.o
                0x00000000080035a6                lsm9ds1_gy_filter_hp_bandwidth_set
 .text.lsm9ds1_xl_filter_aalias_bandwidth_set
                0x00000000080035f2       0x5e Core/Src/lsm9ds1_reg.o
                0x00000000080035f2                lsm9ds1_xl_filter_aalias_bandwidth_set
 .text.lsm9ds1_xl_filter_out_path_set
                0x0000000008003650       0x4c Core/Src/lsm9ds1_reg.o
                0x0000000008003650                lsm9ds1_xl_filter_out_path_set
 .text.lsm9ds1_xl_filter_lp_bandwidth_set
                0x000000000800369c       0x5e Core/Src/lsm9ds1_reg.o
                0x000000000800369c                lsm9ds1_xl_filter_lp_bandwidth_set
 *fill*         0x00000000080036fa        0x2 
 .text.main     0x00000000080036fc       0xe4 Core/Src/main.o
                0x00000000080036fc                main
 .text.SystemClock_Config
                0x00000000080037e0       0xd4 Core/Src/main.o
                0x00000000080037e0                SystemClock_Config
 .text.state1   0x00000000080038b4       0x38 Core/Src/main.o
                0x00000000080038b4                state1
 .text.state2   0x00000000080038ec       0xb4 Core/Src/main.o
                0x00000000080038ec                state2
 .text.state3   0x00000000080039a0       0x68 Core/Src/main.o
                0x00000000080039a0                state3
 .text.state4   0x0000000008003a08      0x27c Core/Src/main.o
                0x0000000008003a08                state4
 .text.state5   0x0000000008003c84      0x27c Core/Src/main.o
                0x0000000008003c84                state5
 .text.state6   0x0000000008003f00       0xec Core/Src/main.o
                0x0000000008003f00                state6
 .text.driveForward
                0x0000000008003fec       0x38 Core/Src/main.o
                0x0000000008003fec                driveForward
 .text.reverse  0x0000000008004024       0x38 Core/Src/main.o
                0x0000000008004024                reverse
 .text.turnLeft
                0x000000000800405c       0x18 Core/Src/main.o
                0x000000000800405c                turnLeft
 .text.turnRight
                0x0000000008004074       0x18 Core/Src/main.o
                0x0000000008004074                turnRight
 .text.centreWheels
                0x000000000800408c       0xac Core/Src/main.o
                0x000000000800408c                centreWheels
 .text.brake    0x0000000008004138       0xa8 Core/Src/main.o
                0x0000000008004138                brake
 .text.stop     0x00000000080041e0       0x5c Core/Src/main.o
                0x00000000080041e0                stop
 .text.avoidObstacle
                0x000000000800423c      0x138 Core/Src/main.o
                0x000000000800423c                avoidObstacle
 .text.HAL_GPIO_EXTI_Callback
                0x0000000008004374      0x1a4 Core/Src/main.o
                0x0000000008004374                HAL_GPIO_EXTI_Callback
 .text.Read_HCSR04
                0x0000000008004518       0x80 Core/Src/main.o
                0x0000000008004518                Read_HCSR04
 .text.getDistance
                0x0000000008004598       0x2c Core/Src/main.o
                0x0000000008004598                getDistance
 .text.delay_us
                0x00000000080045c4       0x30 Core/Src/main.o
                0x00000000080045c4                delay_us
 .text.servo_write
                0x00000000080045f4       0x2c Core/Src/main.o
                0x00000000080045f4                servo_write
 .text.map      0x0000000008004620       0x86 Core/Src/main.o
                0x0000000008004620                map
 *fill*         0x00000000080046a6        0x2 
 .text.IMU_Init
                0x00000000080046a8      0x100 Core/Src/main.o
                0x00000000080046a8                IMU_Init
 .text.readIMU  0x00000000080047a8      0x278 Core/Src/main.o
                0x00000000080047a8                readIMU
 .text.platform_write_imu
                0x0000000008004a20       0x44 Core/Src/main.o
 .text.platform_write_mag
                0x0000000008004a64       0x4c Core/Src/main.o
 .text.platform_read_imu
                0x0000000008004ab0       0x44 Core/Src/main.o
 .text.platform_read_mag
                0x0000000008004af4       0x4c Core/Src/main.o
 .text.platform_delay
                0x0000000008004b40       0x16 Core/Src/main.o
 .text.HAL_ADC_ConvHalfCpltCallback
                0x0000000008004b56       0x14 Core/Src/main.o
                0x0000000008004b56                HAL_ADC_ConvHalfCpltCallback
 *fill*         0x0000000008004b6a        0x2 
 .text.HAL_ADC_ConvCpltCallback
                0x0000000008004b6c       0x6c Core/Src/main.o
                0x0000000008004b6c                HAL_ADC_ConvCpltCallback
 .text.BSP_TP_Init
                0x0000000008004bd8       0x12 Core/Src/main.o
                0x0000000008004bd8                BSP_TP_Init
 *fill*         0x0000000008004bea        0x2 
 .text.BSP_TP_GetDisplayPoint
                0x0000000008004bec       0x3c Core/Src/main.o
                0x0000000008004bec                BSP_TP_GetDisplayPoint
 .text.LCD_Print
                0x0000000008004c28       0xc4 Core/Src/main.o
                0x0000000008004c28                LCD_Print
 .text.CalculatorInit
                0x0000000008004cec      0x1d4 Core/Src/main.o
                0x0000000008004cec                CalculatorInit
 .text.CalculatorProcess
                0x0000000008004ec0      0x498 Core/Src/main.o
                0x0000000008004ec0                CalculatorProcess
 .text.trackSelect
                0x0000000008005358      0x1c0 Core/Src/main.o
                0x0000000008005358                trackSelect
 .text.distSelect
                0x0000000008005518      0x11c Core/Src/main.o
                0x0000000008005518                distSelect
 .text.HAL_UART_RxCpltCallback
                0x0000000008005634       0xe8 Core/Src/main.o
                0x0000000008005634                HAL_UART_RxCpltCallback
 *fill*         0x000000000800571c        0x4 
 .text.HAL_TIM_PeriodElapsedCallback
                0x0000000008005720       0xec Core/Src/main.o
                0x0000000008005720                HAL_TIM_PeriodElapsedCallback
 .text.Error_Handler
                0x000000000800580c        0xe Core/Src/main.o
                0x000000000800580c                Error_Handler
 *fill*         0x000000000800581a        0x2 
 .text.MX_SPI2_Init
                0x000000000800581c       0x6c Core/Src/spi.o
                0x000000000800581c                MX_SPI2_Init
 .text.HAL_SPI_MspInit
                0x0000000008005888       0xa0 Core/Src/spi.o
                0x0000000008005888                HAL_SPI_MspInit
 .text.HAL_MspInit
                0x0000000008005928       0x50 Core/Src/stm32f4xx_hal_msp.o
                0x0000000008005928                HAL_MspInit
 .text.NMI_Handler
                0x0000000008005978        0xe Core/Src/stm32f4xx_it.o
                0x0000000008005978                NMI_Handler
 .text.HardFault_Handler
                0x0000000008005986        0x6 Core/Src/stm32f4xx_it.o
                0x0000000008005986                HardFault_Handler
 .text.MemManage_Handler
                0x000000000800598c        0x6 Core/Src/stm32f4xx_it.o
                0x000000000800598c                MemManage_Handler
 .text.BusFault_Handler
                0x0000000008005992        0x6 Core/Src/stm32f4xx_it.o
                0x0000000008005992                BusFault_Handler
 .text.UsageFault_Handler
                0x0000000008005998        0x6 Core/Src/stm32f4xx_it.o
                0x0000000008005998                UsageFault_Handler
 .text.SVC_Handler
                0x000000000800599e        0xe Core/Src/stm32f4xx_it.o
                0x000000000800599e                SVC_Handler
 .text.DebugMon_Handler
                0x00000000080059ac        0xe Core/Src/stm32f4xx_it.o
                0x00000000080059ac                DebugMon_Handler
 .text.PendSV_Handler
                0x00000000080059ba        0xe Core/Src/stm32f4xx_it.o
                0x00000000080059ba                PendSV_Handler
 .text.SysTick_Handler
                0x00000000080059c8        0xc Core/Src/stm32f4xx_it.o
                0x00000000080059c8                SysTick_Handler
 .text.EXTI0_IRQHandler
                0x00000000080059d4        0xe Core/Src/stm32f4xx_it.o
                0x00000000080059d4                EXTI0_IRQHandler
 *fill*         0x00000000080059e2        0x2 
 .text.DMA1_Stream5_IRQHandler
                0x00000000080059e4       0x14 Core/Src/stm32f4xx_it.o
                0x00000000080059e4                DMA1_Stream5_IRQHandler
 .text.EXTI9_5_IRQHandler
                0x00000000080059f8        0xe Core/Src/stm32f4xx_it.o
                0x00000000080059f8                EXTI9_5_IRQHandler
 *fill*         0x0000000008005a06        0x2 
 .text.SPI2_IRQHandler
                0x0000000008005a08       0x14 Core/Src/stm32f4xx_it.o
                0x0000000008005a08                SPI2_IRQHandler
 .text.TIM5_IRQHandler
                0x0000000008005a1c       0x14 Core/Src/stm32f4xx_it.o
                0x0000000008005a1c                TIM5_IRQHandler
 .text.DMA2_Stream0_IRQHandler
                0x0000000008005a30       0x14 Core/Src/stm32f4xx_it.o
                0x0000000008005a30                DMA2_Stream0_IRQHandler
 .text.DMA2_Stream2_IRQHandler
                0x0000000008005a44       0x14 Core/Src/stm32f4xx_it.o
                0x0000000008005a44                DMA2_Stream2_IRQHandler
 .text.__io_putchar
                0x0000000008005a58       0x34 Core/Src/syscalls.o
                0x0000000008005a58                __io_putchar
 .text._read    0x0000000008005a8c       0x3a Core/Src/syscalls.o
                0x0000000008005a8c                _read
 .text._write   0x0000000008005ac6       0x38 Core/Src/syscalls.o
                0x0000000008005ac6                _write
 .text._close   0x0000000008005afe       0x18 Core/Src/syscalls.o
                0x0000000008005afe                _close
 .text._fstat   0x0000000008005b16       0x20 Core/Src/syscalls.o
                0x0000000008005b16                _fstat
 .text._isatty  0x0000000008005b36       0x16 Core/Src/syscalls.o
                0x0000000008005b36                _isatty
 .text._lseek   0x0000000008005b4c       0x1a Core/Src/syscalls.o
                0x0000000008005b4c                _lseek
 *fill*         0x0000000008005b66        0x2 
 .text._sbrk    0x0000000008005b68       0x6c Core/Src/sysmem.o
                0x0000000008005b68                _sbrk
 .text.SystemInit
                0x0000000008005bd4       0x2c Core/Src/system_stm32f4xx.o
                0x0000000008005bd4                SystemInit
 .text.MX_TIM1_Init
                0x0000000008005c00      0x144 Core/Src/tim.o
                0x0000000008005c00                MX_TIM1_Init
 .text.MX_TIM2_Init
                0x0000000008005d44       0xec Core/Src/tim.o
                0x0000000008005d44                MX_TIM2_Init
 .text.MX_TIM3_Init
                0x0000000008005e30       0xec Core/Src/tim.o
                0x0000000008005e30                MX_TIM3_Init
 .text.MX_TIM4_Init
                0x0000000008005f1c       0xec Core/Src/tim.o
                0x0000000008005f1c                MX_TIM4_Init
 .text.MX_TIM5_Init
                0x0000000008006008       0x9c Core/Src/tim.o
                0x0000000008006008                MX_TIM5_Init
 .text.HAL_TIM_Base_MspInit
                0x00000000080060a4       0xfc Core/Src/tim.o
                0x00000000080060a4                HAL_TIM_Base_MspInit
 .text.HAL_TIM_MspPostInit
                0x00000000080061a0      0x160 Core/Src/tim.o
                0x00000000080061a0                HAL_TIM_MspPostInit
 .text.MX_USART2_UART_Init
                0x0000000008006300       0x54 Core/Src/usart.o
                0x0000000008006300                MX_USART2_UART_Init
 .text.MX_USART3_UART_Init
                0x0000000008006354       0x54 Core/Src/usart.o
                0x0000000008006354                MX_USART3_UART_Init
 .text.HAL_UART_MspInit
                0x00000000080063a8      0x164 Core/Src/usart.o
                0x00000000080063a8                HAL_UART_MspInit
 .text.Reset_Handler
                0x000000000800650c       0x50 Core/Startup/startup_stm32f407vgtx.o
                0x000000000800650c                Reset_Handler
 .text.Default_Handler
                0x000000000800655c        0x2 Core/Startup/startup_stm32f407vgtx.o
                0x000000000800655c                RTC_Alarm_IRQHandler
                0x000000000800655c                HASH_RNG_IRQHandler
                0x000000000800655c                EXTI2_IRQHandler
                0x000000000800655c                TIM8_CC_IRQHandler
                0x000000000800655c                TIM1_CC_IRQHandler
                0x000000000800655c                DMA2_Stream5_IRQHandler
                0x000000000800655c                PVD_IRQHandler
                0x000000000800655c                SDIO_IRQHandler
                0x000000000800655c                TAMP_STAMP_IRQHandler
                0x000000000800655c                CAN2_RX1_IRQHandler
                0x000000000800655c                EXTI3_IRQHandler
                0x000000000800655c                TIM8_TRG_COM_TIM14_IRQHandler
                0x000000000800655c                TIM1_UP_TIM10_IRQHandler
                0x000000000800655c                TIM8_UP_TIM13_IRQHandler
                0x000000000800655c                I2C3_ER_IRQHandler
                0x000000000800655c                I2C2_EV_IRQHandler
                0x000000000800655c                DMA1_Stream2_IRQHandler
                0x000000000800655c                CAN1_RX0_IRQHandler
                0x000000000800655c                FPU_IRQHandler
                0x000000000800655c                OTG_HS_WKUP_IRQHandler
                0x000000000800655c                CAN2_SCE_IRQHandler
                0x000000000800655c                SPI1_IRQHandler
                0x000000000800655c                TIM6_DAC_IRQHandler
                0x000000000800655c                TIM1_BRK_TIM9_IRQHandler
                0x000000000800655c                DCMI_IRQHandler
                0x000000000800655c                CAN2_RX0_IRQHandler
                0x000000000800655c                DMA2_Stream3_IRQHandler
                0x000000000800655c                USART6_IRQHandler
                0x000000000800655c                USART3_IRQHandler
                0x000000000800655c                CAN1_RX1_IRQHandler
                0x000000000800655c                UART5_IRQHandler
                0x000000000800655c                TIM4_IRQHandler
                0x000000000800655c                I2C1_EV_IRQHandler
                0x000000000800655c                DMA1_Stream6_IRQHandler
                0x000000000800655c                DMA1_Stream1_IRQHandler
                0x000000000800655c                UART4_IRQHandler
                0x000000000800655c                TIM3_IRQHandler
                0x000000000800655c                RCC_IRQHandler
                0x000000000800655c                TIM8_BRK_TIM12_IRQHandler
                0x000000000800655c                Default_Handler
                0x000000000800655c                EXTI15_10_IRQHandler
                0x000000000800655c                ADC_IRQHandler
                0x000000000800655c                DMA1_Stream7_IRQHandler
                0x000000000800655c                TIM7_IRQHandler
                0x000000000800655c                CAN2_TX_IRQHandler
                0x000000000800655c                DMA2_Stream7_IRQHandler
                0x000000000800655c                I2C3_EV_IRQHandler
                0x000000000800655c                RTC_WKUP_IRQHandler
                0x000000000800655c                ETH_WKUP_IRQHandler
                0x000000000800655c                OTG_HS_EP1_IN_IRQHandler
                0x000000000800655c                DMA1_Stream0_IRQHandler
                0x000000000800655c                CAN1_TX_IRQHandler
                0x000000000800655c                EXTI4_IRQHandler
                0x000000000800655c                FSMC_IRQHandler
                0x000000000800655c                ETH_IRQHandler
                0x000000000800655c                OTG_HS_EP1_OUT_IRQHandler
                0x000000000800655c                WWDG_IRQHandler
                0x000000000800655c                TIM2_IRQHandler
                0x000000000800655c                OTG_FS_WKUP_IRQHandler
                0x000000000800655c                TIM1_TRG_COM_TIM11_IRQHandler
                0x000000000800655c                OTG_HS_IRQHandler
                0x000000000800655c                EXTI1_IRQHandler
                0x000000000800655c                USART2_IRQHandler
                0x000000000800655c                I2C2_ER_IRQHandler
                0x000000000800655c                DMA2_Stream1_IRQHandler
                0x000000000800655c                CAN1_SCE_IRQHandler
                0x000000000800655c                FLASH_IRQHandler
                0x000000000800655c                DMA2_Stream4_IRQHandler
                0x000000000800655c                USART1_IRQHandler
                0x000000000800655c                OTG_FS_IRQHandler
                0x000000000800655c                SPI3_IRQHandler
                0x000000000800655c                DMA1_Stream4_IRQHandler
                0x000000000800655c                I2C1_ER_IRQHandler
                0x000000000800655c                DMA2_Stream6_IRQHandler
                0x000000000800655c                DMA1_Stream3_IRQHandler
 *fill*         0x000000000800655e        0x2 
 .text.HAL_Init
                0x0000000008006560       0x44 Drivers/STM32F4xx_HAL_Driver/Src/stm32f4xx_hal.o
                0x0000000008006560                HAL_Init
 .text.HAL_InitTick
                0x00000000080065a4       0x60 Drivers/STM32F4xx_HAL_Driver/Src/stm32f4xx_hal.o
                0x00000000080065a4                HAL_InitTick
 .text.HAL_IncTick
                0x0000000008006604       0x28 Drivers/STM32F4xx_HAL_Driver/Src/stm32f4xx_hal.o
                0x0000000008006604                HAL_IncTick
 .text.HAL_GetTick
                0x000000000800662c       0x18 Drivers/STM32F4xx_HAL_Driver/Src/stm32f4xx_hal.o
                0x000000000800662c                HAL_GetTick
 .text.HAL_Delay
                0x0000000008006644       0x44 Drivers/STM32F4xx_HAL_Driver/Src/stm32f4xx_hal.o
                0x0000000008006644                HAL_Delay
 .text.HAL_ADC_Init
                0x0000000008006688       0x86 Drivers/STM32F4xx_HAL_Driver/Src/stm32f4xx_hal_adc.o
                0x0000000008006688                HAL_ADC_Init
 *fill*         0x000000000800670e        0x2 
 .text.HAL_ADC_Start_DMA
                0x0000000008006710      0x1e4 Drivers/STM32F4xx_HAL_Driver/Src/stm32f4xx_hal_adc.o
                0x0000000008006710                HAL_ADC_Start_DMA
 .text.HAL_ADC_ErrorCallback
                0x00000000080068f4       0x14 Drivers/STM32F4xx_HAL_Driver/Src/stm32f4xx_hal_adc.o
                0x00000000080068f4                HAL_ADC_ErrorCallback
 .text.HAL_ADC_ConfigChannel
                0x0000000008006908      0x244 Drivers/STM32F4xx_HAL_Driver/Src/stm32f4xx_hal_adc.o
                0x0000000008006908                HAL_ADC_ConfigChannel
 .text.ADC_Init
                0x0000000008006b4c      0x1f8 Drivers/STM32F4xx_HAL_Driver/Src/stm32f4xx_hal_adc.o
 .text.ADC_DMAConvCplt
                0x0000000008006d44       0xba Drivers/STM32F4xx_HAL_Driver/Src/stm32f4xx_hal_adc.o
 .text.ADC_DMAHalfConvCplt
                0x0000000008006dfe       0x1c Drivers/STM32F4xx_HAL_Driver/Src/stm32f4xx_hal_adc.o
 .text.ADC_DMAError
                0x0000000008006e1a       0x2e Drivers/STM32F4xx_HAL_Driver/Src/stm32f4xx_hal_adc.o
 .text.__NVIC_SetPriorityGrouping
                0x0000000008006e48       0x48 Drivers/STM32F4xx_HAL_Driver/Src/stm32f4xx_hal_cortex.o
 .text.__NVIC_GetPriorityGrouping
                0x0000000008006e90       0x1c Drivers/STM32F4xx_HAL_Driver/Src/stm32f4xx_hal_cortex.o
 .text.__NVIC_EnableIRQ
                0x0000000008006eac       0x3c Drivers/STM32F4xx_HAL_Driver/Src/stm32f4xx_hal_cortex.o
 .text.__NVIC_SetPriority
                0x0000000008006ee8       0x54 Drivers/STM32F4xx_HAL_Driver/Src/stm32f4xx_hal_cortex.o
 .text.NVIC_EncodePriority
                0x0000000008006f3c       0x66 Drivers/STM32F4xx_HAL_Driver/Src/stm32f4xx_hal_cortex.o
 *fill*         0x0000000008006fa2        0x2 
 .text.SysTick_Config
                0x0000000008006fa4       0x44 Drivers/STM32F4xx_HAL_Driver/Src/stm32f4xx_hal_cortex.o
 .text.HAL_NVIC_SetPriorityGrouping
                0x0000000008006fe8       0x16 Drivers/STM32F4xx_HAL_Driver/Src/stm32f4xx_hal_cortex.o
                0x0000000008006fe8                HAL_NVIC_SetPriorityGrouping
 .text.HAL_NVIC_SetPriority
                0x0000000008006ffe       0x38 Drivers/STM32F4xx_HAL_Driver/Src/stm32f4xx_hal_cortex.o
                0x0000000008006ffe                HAL_NVIC_SetPriority
 .text.HAL_NVIC_EnableIRQ
                0x0000000008007036       0x1c Drivers/STM32F4xx_HAL_Driver/Src/stm32f4xx_hal_cortex.o
                0x0000000008007036                HAL_NVIC_EnableIRQ
 .text.HAL_SYSTICK_Config
                0x0000000008007052       0x18 Drivers/STM32F4xx_HAL_Driver/Src/stm32f4xx_hal_cortex.o
                0x0000000008007052                HAL_SYSTICK_Config
 *fill*         0x000000000800706a        0x2 
 .text.HAL_DMA_Init
                0x000000000800706c      0x15c Drivers/STM32F4xx_HAL_Driver/Src/stm32f4xx_hal_dma.o
                0x000000000800706c                HAL_DMA_Init
 .text.HAL_DMA_Start_IT
                0x00000000080071c8       0xb0 Drivers/STM32F4xx_HAL_Driver/Src/stm32f4xx_hal_dma.o
                0x00000000080071c8                HAL_DMA_Start_IT
 .text.HAL_DMA_Abort_IT
                0x0000000008007278       0x44 Drivers/STM32F4xx_HAL_Driver/Src/stm32f4xx_hal_dma.o
                0x0000000008007278                HAL_DMA_Abort_IT
 .text.HAL_DMA_IRQHandler
                0x00000000080072bc      0x314 Drivers/STM32F4xx_HAL_Driver/Src/stm32f4xx_hal_dma.o
                0x00000000080072bc                HAL_DMA_IRQHandler
 .text.DMA_SetConfig
                0x00000000080075d0       0x5c Drivers/STM32F4xx_HAL_Driver/Src/stm32f4xx_hal_dma.o
 .text.DMA_CalcBaseAndBitshift
                0x000000000800762c       0x6c Drivers/STM32F4xx_HAL_Driver/Src/stm32f4xx_hal_dma.o
 .text.DMA_CheckFifoParam
                0x0000000008007698       0xf4 Drivers/STM32F4xx_HAL_Driver/Src/stm32f4xx_hal_dma.o
 .text.HAL_GPIO_Init
                0x000000000800778c      0x334 Drivers/STM32F4xx_HAL_Driver/Src/stm32f4xx_hal_gpio.o
                0x000000000800778c                HAL_GPIO_Init
 .text.HAL_GPIO_ReadPin
                0x0000000008007ac0       0x30 Drivers/STM32F4xx_HAL_Driver/Src/stm32f4xx_hal_gpio.o
                0x0000000008007ac0                HAL_GPIO_ReadPin
 .text.HAL_GPIO_WritePin
                0x0000000008007af0       0x32 Drivers/STM32F4xx_HAL_Driver/Src/stm32f4xx_hal_gpio.o
                0x0000000008007af0                HAL_GPIO_WritePin
 *fill*         0x0000000008007b22        0x2 
 .text.HAL_GPIO_EXTI_IRQHandler
                0x0000000008007b24       0x30 Drivers/STM32F4xx_HAL_Driver/Src/stm32f4xx_hal_gpio.o
                0x0000000008007b24                HAL_GPIO_EXTI_IRQHandler
 .text.HAL_I2C_Init
                0x0000000008007b54      0x270 Drivers/STM32F4xx_HAL_Driver/Src/stm32f4xx_hal_i2c.o
                0x0000000008007b54                HAL_I2C_Init
 .text.HAL_I2C_Mem_Write
                0x0000000008007dc4      0x1f4 Drivers/STM32F4xx_HAL_Driver/Src/stm32f4xx_hal_i2c.o
                0x0000000008007dc4                HAL_I2C_Mem_Write
 .text.HAL_I2C_Mem_Read
                0x0000000008007fb8      0x44c Drivers/STM32F4xx_HAL_Driver/Src/stm32f4xx_hal_i2c.o
                0x0000000008007fb8                HAL_I2C_Mem_Read
 .text.I2C_RequestMemoryWrite
                0x0000000008008404      0x12c Drivers/STM32F4xx_HAL_Driver/Src/stm32f4xx_hal_i2c.o
 .text.I2C_RequestMemoryRead
                0x0000000008008530      0x1d0 Drivers/STM32F4xx_HAL_Driver/Src/stm32f4xx_hal_i2c.o
 .text.I2C_WaitOnFlagUntilTimeout
                0x0000000008008700       0xae Drivers/STM32F4xx_HAL_Driver/Src/stm32f4xx_hal_i2c.o
 .text.I2C_WaitOnMasterAddressFlagUntilTimeout
                0x00000000080087ae       0xfe Drivers/STM32F4xx_HAL_Driver/Src/stm32f4xx_hal_i2c.o
 .text.I2C_WaitOnTXEFlagUntilTimeout
                0x00000000080088ac       0x82 Drivers/STM32F4xx_HAL_Driver/Src/stm32f4xx_hal_i2c.o
 .text.I2C_WaitOnBTFFlagUntilTimeout
                0x000000000800892e       0x82 Drivers/STM32F4xx_HAL_Driver/Src/stm32f4xx_hal_i2c.o
 .text.I2C_WaitOnRXNEFlagUntilTimeout
                0x00000000080089b0       0xac Drivers/STM32F4xx_HAL_Driver/Src/stm32f4xx_hal_i2c.o
 .text.I2C_IsAcknowledgeFailed
                0x0000000008008a5c       0x5e Drivers/STM32F4xx_HAL_Driver/Src/stm32f4xx_hal_i2c.o
 *fill*         0x0000000008008aba        0x2 
 .text.HAL_RCC_OscConfig
                0x0000000008008abc      0x4e0 Drivers/STM32F4xx_HAL_Driver/Src/stm32f4xx_hal_rcc.o
                0x0000000008008abc                HAL_RCC_OscConfig
 .text.HAL_RCC_ClockConfig
                0x0000000008008f9c      0x1cc Drivers/STM32F4xx_HAL_Driver/Src/stm32f4xx_hal_rcc.o
                0x0000000008008f9c                HAL_RCC_ClockConfig
 .text.HAL_RCC_GetSysClockFreq
                0x0000000008009168      0x1b0 Drivers/STM32F4xx_HAL_Driver/Src/stm32f4xx_hal_rcc.o
                0x0000000008009168                HAL_RCC_GetSysClockFreq
 .text.HAL_RCC_GetHCLKFreq
                0x0000000008009318       0x18 Drivers/STM32F4xx_HAL_Driver/Src/stm32f4xx_hal_rcc.o
                0x0000000008009318                HAL_RCC_GetHCLKFreq
 .text.HAL_RCC_GetPCLK1Freq
                0x0000000008009330       0x28 Drivers/STM32F4xx_HAL_Driver/Src/stm32f4xx_hal_rcc.o
                0x0000000008009330                HAL_RCC_GetPCLK1Freq
 .text.HAL_RCC_GetPCLK2Freq
                0x0000000008009358       0x28 Drivers/STM32F4xx_HAL_Driver/Src/stm32f4xx_hal_rcc.o
                0x0000000008009358                HAL_RCC_GetPCLK2Freq
 .text.HAL_SPI_Init
                0x0000000008009380       0xc8 Drivers/STM32F4xx_HAL_Driver/Src/stm32f4xx_hal_spi.o
                0x0000000008009380                HAL_SPI_Init
 .text.HAL_SPI_Transmit
                0x0000000008009448      0x268 Drivers/STM32F4xx_HAL_Driver/Src/stm32f4xx_hal_spi.o
                0x0000000008009448                HAL_SPI_Transmit
 .text.HAL_SPI_TransmitReceive
                0x00000000080096b0      0x344 Drivers/STM32F4xx_HAL_Driver/Src/stm32f4xx_hal_spi.o
                0x00000000080096b0                HAL_SPI_TransmitReceive
 .text.HAL_SPI_IRQHandler
                0x00000000080099f4      0x200 Drivers/STM32F4xx_HAL_Driver/Src/stm32f4xx_hal_spi.o
                0x00000000080099f4                HAL_SPI_IRQHandler
 .text.HAL_SPI_ErrorCallback
                0x0000000008009bf4       0x14 Drivers/STM32F4xx_HAL_Driver/Src/stm32f4xx_hal_spi.o
                0x0000000008009bf4                HAL_SPI_ErrorCallback
 .text.SPI_DMAAbortOnError
                0x0000000008009c08       0x28 Drivers/STM32F4xx_HAL_Driver/Src/stm32f4xx_hal_spi.o
 .text.SPI_WaitFlagStateUntilTimeout
                0x0000000008009c30       0xd4 Drivers/STM32F4xx_HAL_Driver/Src/stm32f4xx_hal_spi.o
 .text.SPI_EndRxTxTransaction
                0x0000000008009d04       0x84 Drivers/STM32F4xx_HAL_Driver/Src/stm32f4xx_hal_spi.o
 .text.HAL_SRAM_Init
                0x0000000008009d88       0x88 Drivers/STM32F4xx_HAL_Driver/Src/stm32f4xx_hal_sram.o
                0x0000000008009d88                HAL_SRAM_Init
 .text.HAL_TIM_Base_Init
                0x0000000008009e10       0x56 Drivers/STM32F4xx_HAL_Driver/Src/stm32f4xx_hal_tim.o
                0x0000000008009e10                HAL_TIM_Base_Init
 .text.HAL_TIM_Base_Start
                0x0000000008009e66       0x48 Drivers/STM32F4xx_HAL_Driver/Src/stm32f4xx_hal_tim.o
                0x0000000008009e66                HAL_TIM_Base_Start
 .text.HAL_TIM_Base_Start_IT
                0x0000000008009eae       0x48 Drivers/STM32F4xx_HAL_Driver/Src/stm32f4xx_hal_tim.o
                0x0000000008009eae                HAL_TIM_Base_Start_IT
 .text.HAL_TIM_PWM_Init
                0x0000000008009ef6       0x56 Drivers/STM32F4xx_HAL_Driver/Src/stm32f4xx_hal_tim.o
                0x0000000008009ef6                HAL_TIM_PWM_Init
 .text.HAL_TIM_PWM_MspInit
                0x0000000008009f4c       0x14 Drivers/STM32F4xx_HAL_Driver/Src/stm32f4xx_hal_tim.o
                0x0000000008009f4c                HAL_TIM_PWM_MspInit
 .text.HAL_TIM_PWM_Start
                0x0000000008009f60       0x7c Drivers/STM32F4xx_HAL_Driver/Src/stm32f4xx_hal_tim.o
                0x0000000008009f60                HAL_TIM_PWM_Start
 .text.HAL_TIM_IRQHandler
                0x0000000008009fdc      0x210 Drivers/STM32F4xx_HAL_Driver/Src/stm32f4xx_hal_tim.o
                0x0000000008009fdc                HAL_TIM_IRQHandler
 .text.HAL_TIM_PWM_ConfigChannel
                0x000000000800a1ec      0x18c Drivers/STM32F4xx_HAL_Driver/Src/stm32f4xx_hal_tim.o
                0x000000000800a1ec                HAL_TIM_PWM_ConfigChannel
 .text.HAL_TIM_ConfigClockSource
                0x000000000800a378      0x16e Drivers/STM32F4xx_HAL_Driver/Src/stm32f4xx_hal_tim.o
                0x000000000800a378                HAL_TIM_ConfigClockSource
 .text.HAL_TIM_OC_DelayElapsedCallback
                0x000000000800a4e6       0x14 Drivers/STM32F4xx_HAL_Driver/Src/stm32f4xx_hal_tim.o
                0x000000000800a4e6                HAL_TIM_OC_DelayElapsedCallback
 .text.HAL_TIM_IC_CaptureCallback
                0x000000000800a4fa       0x14 Drivers/STM32F4xx_HAL_Driver/Src/stm32f4xx_hal_tim.o
                0x000000000800a4fa                HAL_TIM_IC_CaptureCallback
 .text.HAL_TIM_PWM_PulseFinishedCallback
                0x000000000800a50e       0x14 Drivers/STM32F4xx_HAL_Driver/Src/stm32f4xx_hal_tim.o
                0x000000000800a50e                HAL_TIM_PWM_PulseFinishedCallback
 .text.HAL_TIM_TriggerCallback
                0x000000000800a522       0x14 Drivers/STM32F4xx_HAL_Driver/Src/stm32f4xx_hal_tim.o
                0x000000000800a522                HAL_TIM_TriggerCallback
 *fill*         0x000000000800a536        0x2 
 .text.TIM_Base_SetConfig
                0x000000000800a538      0x140 Drivers/STM32F4xx_HAL_Driver/Src/stm32f4xx_hal_tim.o
                0x000000000800a538                TIM_Base_SetConfig
 .text.TIM_OC1_SetConfig
                0x000000000800a678       0xe0 Drivers/STM32F4xx_HAL_Driver/Src/stm32f4xx_hal_tim.o
 .text.TIM_OC2_SetConfig
                0x000000000800a758       0xec Drivers/STM32F4xx_HAL_Driver/Src/stm32f4xx_hal_tim.o
                0x000000000800a758                TIM_OC2_SetConfig
 .text.TIM_OC3_SetConfig
                0x000000000800a844       0xe8 Drivers/STM32F4xx_HAL_Driver/Src/stm32f4xx_hal_tim.o
 .text.TIM_OC4_SetConfig
                0x000000000800a92c       0xac Drivers/STM32F4xx_HAL_Driver/Src/stm32f4xx_hal_tim.o
 .text.TIM_TI1_ConfigInputStage
                0x000000000800a9d8       0x5e Drivers/STM32F4xx_HAL_Driver/Src/stm32f4xx_hal_tim.o
 .text.TIM_TI2_ConfigInputStage
                0x000000000800aa36       0x60 Drivers/STM32F4xx_HAL_Driver/Src/stm32f4xx_hal_tim.o
 .text.TIM_ITRx_SetConfig
                0x000000000800aa96       0x36 Drivers/STM32F4xx_HAL_Driver/Src/stm32f4xx_hal_tim.o
 .text.TIM_ETR_SetConfig
                0x000000000800aacc       0x40 Drivers/STM32F4xx_HAL_Driver/Src/stm32f4xx_hal_tim.o
                0x000000000800aacc                TIM_ETR_SetConfig
 .text.TIM_CCxChannelCmd
                0x000000000800ab0c       0x4a Drivers/STM32F4xx_HAL_Driver/Src/stm32f4xx_hal_tim.o
                0x000000000800ab0c                TIM_CCxChannelCmd
 *fill*         0x000000000800ab56        0x2 
 .text.HAL_TIMEx_MasterConfigSynchronization
                0x000000000800ab58       0xf8 Drivers/STM32F4xx_HAL_Driver/Src/stm32f4xx_hal_tim_ex.o
                0x000000000800ab58                HAL_TIMEx_MasterConfigSynchronization
 .text.HAL_TIMEx_ConfigBreakDeadTime
                0x000000000800ac50       0xa4 Drivers/STM32F4xx_HAL_Driver/Src/stm32f4xx_hal_tim_ex.o
                0x000000000800ac50                HAL_TIMEx_ConfigBreakDeadTime
 .text.HAL_TIMEx_CommutCallback
                0x000000000800acf4       0x14 Drivers/STM32F4xx_HAL_Driver/Src/stm32f4xx_hal_tim_ex.o
                0x000000000800acf4                HAL_TIMEx_CommutCallback
 .text.HAL_TIMEx_BreakCallback
                0x000000000800ad08       0x14 Drivers/STM32F4xx_HAL_Driver/Src/stm32f4xx_hal_tim_ex.o
                0x000000000800ad08                HAL_TIMEx_BreakCallback
 .text.HAL_UART_Init
                0x000000000800ad1c       0x9a Drivers/STM32F4xx_HAL_Driver/Src/stm32f4xx_hal_uart.o
                0x000000000800ad1c                HAL_UART_Init
 .text.HAL_UART_Transmit
                0x000000000800adb6      0x132 Drivers/STM32F4xx_HAL_Driver/Src/stm32f4xx_hal_uart.o
                0x000000000800adb6                HAL_UART_Transmit
 .text.HAL_UART_Receive_DMA
                0x000000000800aee8      0x100 Drivers/STM32F4xx_HAL_Driver/Src/stm32f4xx_hal_uart.o
                0x000000000800aee8                HAL_UART_Receive_DMA
 .text.HAL_UART_RxHalfCpltCallback
                0x000000000800afe8       0x14 Drivers/STM32F4xx_HAL_Driver/Src/stm32f4xx_hal_uart.o
                0x000000000800afe8                HAL_UART_RxHalfCpltCallback
 .text.HAL_UART_ErrorCallback
                0x000000000800affc       0x14 Drivers/STM32F4xx_HAL_Driver/Src/stm32f4xx_hal_uart.o
                0x000000000800affc                HAL_UART_ErrorCallback
 .text.UART_DMAReceiveCplt
                0x000000000800b010       0x68 Drivers/STM32F4xx_HAL_Driver/Src/stm32f4xx_hal_uart.o
 .text.UART_DMARxHalfCplt
                0x000000000800b078       0x1c Drivers/STM32F4xx_HAL_Driver/Src/stm32f4xx_hal_uart.o
 .text.UART_DMAError
                0x000000000800b094       0x94 Drivers/STM32F4xx_HAL_Driver/Src/stm32f4xx_hal_uart.o
 .text.UART_WaitOnFlagUntilTimeout
                0x000000000800b128       0x94 Drivers/STM32F4xx_HAL_Driver/Src/stm32f4xx_hal_uart.o
 .text.UART_EndTxTransfer
                0x000000000800b1bc       0x2c Drivers/STM32F4xx_HAL_Driver/Src/stm32f4xx_hal_uart.o
 .text.UART_EndRxTransfer
                0x000000000800b1e8       0x3c Drivers/STM32F4xx_HAL_Driver/Src/stm32f4xx_hal_uart.o
 .text.UART_SetConfig
                0x000000000800b224      0x6f8 Drivers/STM32F4xx_HAL_Driver/Src/stm32f4xx_hal_uart.o
 .text.FSMC_NORSRAM_Init
                0x000000000800b91c       0xa4 Drivers/STM32F4xx_HAL_Driver/Src/stm32f4xx_ll_fsmc.o
                0x000000000800b91c                FSMC_NORSRAM_Init
 .text.FSMC_NORSRAM_Timing_Init
                0x000000000800b9c0       0x7a Drivers/STM32F4xx_HAL_Driver/Src/stm32f4xx_ll_fsmc.o
                0x000000000800b9c0                FSMC_NORSRAM_Timing_Init
 *fill*         0x000000000800ba3a        0x2 
 .text.FSMC_NORSRAM_Extended_Timing_Init
                0x000000000800ba3c       0x80 Drivers/STM32F4xx_HAL_Driver/Src/stm32f4xx_ll_fsmc.o
                0x000000000800ba3c                FSMC_NORSRAM_Extended_Timing_Init
 .text.__errno  0x000000000800babc        0xc c:/st/stm32cubeide_1.4.0/stm32cubeide/plugins/com.st.stm32cube.ide.mcu.externaltools.gnu-tools-for-stm32.7-2018-q2-update.win32_1.4.0.202007081208/tools/bin/../lib/gcc/arm-none-eabi/7.3.1/../../../../arm-none-eabi/lib/thumb/v7e-m/fpv4-sp/hard\libc_nano.a(lib_a-errno.o)
                0x000000000800babc                __errno
 .text.__libc_init_array
                0x000000000800bac8       0x48 c:/st/stm32cubeide_1.4.0/stm32cubeide/plugins/com.st.stm32cube.ide.mcu.externaltools.gnu-tools-for-stm32.7-2018-q2-update.win32_1.4.0.202007081208/tools/bin/../lib/gcc/arm-none-eabi/7.3.1/../../../../arm-none-eabi/lib/thumb/v7e-m/fpv4-sp/hard\libc_nano.a(lib_a-init.o)
                0x000000000800bac8                __libc_init_array
 .text.malloc   0x000000000800bb10       0x10 c:/st/stm32cubeide_1.4.0/stm32cubeide/plugins/com.st.stm32cube.ide.mcu.externaltools.gnu-tools-for-stm32.7-2018-q2-update.win32_1.4.0.202007081208/tools/bin/../lib/gcc/arm-none-eabi/7.3.1/../../../../arm-none-eabi/lib/thumb/v7e-m/fpv4-sp/hard\libc_nano.a(lib_a-malloc.o)
                0x000000000800bb10                malloc
 .text.memset   0x000000000800bb20       0x10 c:/st/stm32cubeide_1.4.0/stm32cubeide/plugins/com.st.stm32cube.ide.mcu.externaltools.gnu-tools-for-stm32.7-2018-q2-update.win32_1.4.0.202007081208/tools/bin/../lib/gcc/arm-none-eabi/7.3.1/../../../../arm-none-eabi/lib/thumb/v7e-m/fpv4-sp/hard\libc_nano.a(lib_a-memset.o)
                0x000000000800bb20                memset
 .text._free_r  0x000000000800bb30       0x9c c:/st/stm32cubeide_1.4.0/stm32cubeide/plugins/com.st.stm32cube.ide.mcu.externaltools.gnu-tools-for-stm32.7-2018-q2-update.win32_1.4.0.202007081208/tools/bin/../lib/gcc/arm-none-eabi/7.3.1/../../../../arm-none-eabi/lib/thumb/v7e-m/fpv4-sp/hard\libc_nano.a(lib_a-nano-freer.o)
                0x000000000800bb30                _free_r
 .text._malloc_r
                0x000000000800bbcc       0xb4 c:/st/stm32cubeide_1.4.0/stm32cubeide/plugins/com.st.stm32cube.ide.mcu.externaltools.gnu-tools-for-stm32.7-2018-q2-update.win32_1.4.0.202007081208/tools/bin/../lib/gcc/arm-none-eabi/7.3.1/../../../../arm-none-eabi/lib/thumb/v7e-m/fpv4-sp/hard\libc_nano.a(lib_a-nano-mallocr.o)
                0x000000000800bbcc                _malloc_r
 .text.__cvt    0x000000000800bc80       0xc2 c:/st/stm32cubeide_1.4.0/stm32cubeide/plugins/com.st.stm32cube.ide.mcu.externaltools.gnu-tools-for-stm32.7-2018-q2-update.win32_1.4.0.202007081208/tools/bin/../lib/gcc/arm-none-eabi/7.3.1/../../../../arm-none-eabi/lib/thumb/v7e-m/fpv4-sp/hard\libc_nano.a(lib_a-nano-vfprintf_float.o)
                0x000000000800bc80                __cvt
 .text.__exponent
                0x000000000800bd42       0x66 c:/st/stm32cubeide_1.4.0/stm32cubeide/plugins/com.st.stm32cube.ide.mcu.externaltools.gnu-tools-for-stm32.7-2018-q2-update.win32_1.4.0.202007081208/tools/bin/../lib/gcc/arm-none-eabi/7.3.1/../../../../arm-none-eabi/lib/thumb/v7e-m/fpv4-sp/hard\libc_nano.a(lib_a-nano-vfprintf_float.o)
                0x000000000800bd42                __exponent
 .text._printf_float
                0x000000000800bda8      0x480 c:/st/stm32cubeide_1.4.0/stm32cubeide/plugins/com.st.stm32cube.ide.mcu.externaltools.gnu-tools-for-stm32.7-2018-q2-update.win32_1.4.0.202007081208/tools/bin/../lib/gcc/arm-none-eabi/7.3.1/../../../../arm-none-eabi/lib/thumb/v7e-m/fpv4-sp/hard\libc_nano.a(lib_a-nano-vfprintf_float.o)
                0x000000000800bda8                _printf_float
 .text._printf_common
                0x000000000800c228       0xea c:/st/stm32cubeide_1.4.0/stm32cubeide/plugins/com.st.stm32cube.ide.mcu.externaltools.gnu-tools-for-stm32.7-2018-q2-update.win32_1.4.0.202007081208/tools/bin/../lib/gcc/arm-none-eabi/7.3.1/../../../../arm-none-eabi/lib/thumb/v7e-m/fpv4-sp/hard\libc_nano.a(lib_a-nano-vfprintf_i.o)
                0x000000000800c228                _printf_common
 *fill*         0x000000000800c312        0x2 
 .text._printf_i
                0x000000000800c314      0x224 c:/st/stm32cubeide_1.4.0/stm32cubeide/plugins/com.st.stm32cube.ide.mcu.externaltools.gnu-tools-for-stm32.7-2018-q2-update.win32_1.4.0.202007081208/tools/bin/../lib/gcc/arm-none-eabi/7.3.1/../../../../arm-none-eabi/lib/thumb/v7e-m/fpv4-sp/hard\libc_nano.a(lib_a-nano-vfprintf_i.o)
                0x000000000800c314                _printf_i
 .text.printf   0x000000000800c538       0x30 c:/st/stm32cubeide_1.4.0/stm32cubeide/plugins/com.st.stm32cube.ide.mcu.externaltools.gnu-tools-for-stm32.7-2018-q2-update.win32_1.4.0.202007081208/tools/bin/../lib/gcc/arm-none-eabi/7.3.1/../../../../arm-none-eabi/lib/thumb/v7e-m/fpv4-sp/hard\libc_nano.a(lib_a-printf.o)
                0x000000000800c538                iprintf
                0x000000000800c538                printf
 .text._sbrk_r  0x000000000800c568       0x20 c:/st/stm32cubeide_1.4.0/stm32cubeide/plugins/com.st.stm32cube.ide.mcu.externaltools.gnu-tools-for-stm32.7-2018-q2-update.win32_1.4.0.202007081208/tools/bin/../lib/gcc/arm-none-eabi/7.3.1/../../../../arm-none-eabi/lib/thumb/v7e-m/fpv4-sp/hard\libc_nano.a(lib_a-sbrkr.o)
                0x000000000800c568                _sbrk_r
 .text.sprintf  0x000000000800c588       0x40 c:/st/stm32cubeide_1.4.0/stm32cubeide/plugins/com.st.stm32cube.ide.mcu.externaltools.gnu-tools-for-stm32.7-2018-q2-update.win32_1.4.0.202007081208/tools/bin/../lib/gcc/arm-none-eabi/7.3.1/../../../../arm-none-eabi/lib/thumb/v7e-m/fpv4-sp/hard\libc_nano.a(lib_a-sprintf.o)
                0x000000000800c588                siprintf
                0x000000000800c588                sprintf
 .text.quorem   0x000000000800c5c8      0x118 c:/st/stm32cubeide_1.4.0/stm32cubeide/plugins/com.st.stm32cube.ide.mcu.externaltools.gnu-tools-for-stm32.7-2018-q2-update.win32_1.4.0.202007081208/tools/bin/../lib/gcc/arm-none-eabi/7.3.1/../../../../arm-none-eabi/lib/thumb/v7e-m/fpv4-sp/hard\libc_nano.a(lib_a-dtoa.o)
 .text._dtoa_r  0x000000000800c6e0      0xb70 c:/st/stm32cubeide_1.4.0/stm32cubeide/plugins/com.st.stm32cube.ide.mcu.externaltools.gnu-tools-for-stm32.7-2018-q2-update.win32_1.4.0.202007081208/tools/bin/../lib/gcc/arm-none-eabi/7.3.1/../../../../arm-none-eabi/lib/thumb/v7e-m/fpv4-sp/hard\libc_nano.a(lib_a-dtoa.o)
                0x000000000800c6e0                _dtoa_r
 .text.std      0x000000000800d250       0x48 c:/st/stm32cubeide_1.4.0/stm32cubeide/plugins/com.st.stm32cube.ide.mcu.externaltools.gnu-tools-for-stm32.7-2018-q2-update.win32_1.4.0.202007081208/tools/bin/../lib/gcc/arm-none-eabi/7.3.1/../../../../arm-none-eabi/lib/thumb/v7e-m/fpv4-sp/hard\libc_nano.a(lib_a-findfp.o)
 .text._cleanup_r
                0x000000000800d298        0xc c:/st/stm32cubeide_1.4.0/stm32cubeide/plugins/com.st.stm32cube.ide.mcu.externaltools.gnu-tools-for-stm32.7-2018-q2-update.win32_1.4.0.202007081208/tools/bin/../lib/gcc/arm-none-eabi/7.3.1/../../../../arm-none-eabi/lib/thumb/v7e-m/fpv4-sp/hard\libc_nano.a(lib_a-findfp.o)
                0x000000000800d298                _cleanup_r
 .text.__sfmoreglue
                0x000000000800d2a4       0x2c c:/st/stm32cubeide_1.4.0/stm32cubeide/plugins/com.st.stm32cube.ide.mcu.externaltools.gnu-tools-for-stm32.7-2018-q2-update.win32_1.4.0.202007081208/tools/bin/../lib/gcc/arm-none-eabi/7.3.1/../../../../arm-none-eabi/lib/thumb/v7e-m/fpv4-sp/hard\libc_nano.a(lib_a-findfp.o)
                0x000000000800d2a4                __sfmoreglue
 .text.__sinit  0x000000000800d2d0       0x60 c:/st/stm32cubeide_1.4.0/stm32cubeide/plugins/com.st.stm32cube.ide.mcu.externaltools.gnu-tools-for-stm32.7-2018-q2-update.win32_1.4.0.202007081208/tools/bin/../lib/gcc/arm-none-eabi/7.3.1/../../../../arm-none-eabi/lib/thumb/v7e-m/fpv4-sp/hard\libc_nano.a(lib_a-findfp.o)
                0x000000000800d2d0                __sinit
 .text.__sfp    0x000000000800d330       0x78 c:/st/stm32cubeide_1.4.0/stm32cubeide/plugins/com.st.stm32cube.ide.mcu.externaltools.gnu-tools-for-stm32.7-2018-q2-update.win32_1.4.0.202007081208/tools/bin/../lib/gcc/arm-none-eabi/7.3.1/../../../../arm-none-eabi/lib/thumb/v7e-m/fpv4-sp/hard\libc_nano.a(lib_a-findfp.o)
                0x000000000800d330                __sfp
 .text._fwalk_reent
                0x000000000800d3a8       0x3c c:/st/stm32cubeide_1.4.0/stm32cubeide/plugins/com.st.stm32cube.ide.mcu.externaltools.gnu-tools-for-stm32.7-2018-q2-update.win32_1.4.0.202007081208/tools/bin/../lib/gcc/arm-none-eabi/7.3.1/../../../../arm-none-eabi/lib/thumb/v7e-m/fpv4-sp/hard\libc_nano.a(lib_a-fwalk.o)
                0x000000000800d3a8                _fwalk_reent
 .text._localeconv_r
                0x000000000800d3e4       0x1c c:/st/stm32cubeide_1.4.0/stm32cubeide/plugins/com.st.stm32cube.ide.mcu.externaltools.gnu-tools-for-stm32.7-2018-q2-update.win32_1.4.0.202007081208/tools/bin/../lib/gcc/arm-none-eabi/7.3.1/../../../../arm-none-eabi/lib/thumb/v7e-m/fpv4-sp/hard\libc_nano.a(lib_a-localeconv.o)
                0x000000000800d3e4                _localeconv_r
 .text.memcpy   0x000000000800d400       0x16 c:/st/stm32cubeide_1.4.0/stm32cubeide/plugins/com.st.stm32cube.ide.mcu.externaltools.gnu-tools-for-stm32.7-2018-q2-update.win32_1.4.0.202007081208/tools/bin/../lib/gcc/arm-none-eabi/7.3.1/../../../../arm-none-eabi/lib/thumb/v7e-m/fpv4-sp/hard\libc_nano.a(lib_a-memcpy-stub.o)
                0x000000000800d400                memcpy
 .text.__malloc_lock
                0x000000000800d416        0x2 c:/st/stm32cubeide_1.4.0/stm32cubeide/plugins/com.st.stm32cube.ide.mcu.externaltools.gnu-tools-for-stm32.7-2018-q2-update.win32_1.4.0.202007081208/tools/bin/../lib/gcc/arm-none-eabi/7.3.1/../../../../arm-none-eabi/lib/thumb/v7e-m/fpv4-sp/hard\libc_nano.a(lib_a-mlock.o)
                0x000000000800d416                __malloc_lock
 .text.__malloc_unlock
                0x000000000800d418        0x2 c:/st/stm32cubeide_1.4.0/stm32cubeide/plugins/com.st.stm32cube.ide.mcu.externaltools.gnu-tools-for-stm32.7-2018-q2-update.win32_1.4.0.202007081208/tools/bin/../lib/gcc/arm-none-eabi/7.3.1/../../../../arm-none-eabi/lib/thumb/v7e-m/fpv4-sp/hard\libc_nano.a(lib_a-mlock.o)
                0x000000000800d418                __malloc_unlock
 .text._Balloc  0x000000000800d41a       0x68 c:/st/stm32cubeide_1.4.0/stm32cubeide/plugins/com.st.stm32cube.ide.mcu.externaltools.gnu-tools-for-stm32.7-2018-q2-update.win32_1.4.0.202007081208/tools/bin/../lib/gcc/arm-none-eabi/7.3.1/../../../../arm-none-eabi/lib/thumb/v7e-m/fpv4-sp/hard\libc_nano.a(lib_a-mprec.o)
                0x000000000800d41a                _Balloc
 .text._Bfree   0x000000000800d482       0x2e c:/st/stm32cubeide_1.4.0/stm32cubeide/plugins/com.st.stm32cube.ide.mcu.externaltools.gnu-tools-for-stm32.7-2018-q2-update.win32_1.4.0.202007081208/tools/bin/../lib/gcc/arm-none-eabi/7.3.1/../../../../arm-none-eabi/lib/thumb/v7e-m/fpv4-sp/hard\libc_nano.a(lib_a-mprec.o)
                0x000000000800d482                _Bfree
 .text.__multadd
                0x000000000800d4b0       0x76 c:/st/stm32cubeide_1.4.0/stm32cubeide/plugins/com.st.stm32cube.ide.mcu.externaltools.gnu-tools-for-stm32.7-2018-q2-update.win32_1.4.0.202007081208/tools/bin/../lib/gcc/arm-none-eabi/7.3.1/../../../../arm-none-eabi/lib/thumb/v7e-m/fpv4-sp/hard\libc_nano.a(lib_a-mprec.o)
                0x000000000800d4b0                __multadd
 .text.__hi0bits
                0x000000000800d526       0x3e c:/st/stm32cubeide_1.4.0/stm32cubeide/plugins/com.st.stm32cube.ide.mcu.externaltools.gnu-tools-for-stm32.7-2018-q2-update.win32_1.4.0.202007081208/tools/bin/../lib/gcc/arm-none-eabi/7.3.1/../../../../arm-none-eabi/lib/thumb/v7e-m/fpv4-sp/hard\libc_nano.a(lib_a-mprec.o)
                0x000000000800d526                __hi0bits
 .text.__lo0bits
                0x000000000800d564       0x5e c:/st/stm32cubeide_1.4.0/stm32cubeide/plugins/com.st.stm32cube.ide.mcu.externaltools.gnu-tools-for-stm32.7-2018-q2-update.win32_1.4.0.202007081208/tools/bin/../lib/gcc/arm-none-eabi/7.3.1/../../../../arm-none-eabi/lib/thumb/v7e-m/fpv4-sp/hard\libc_nano.a(lib_a-mprec.o)
                0x000000000800d564                __lo0bits
 .text.__i2b    0x000000000800d5c2       0x12 c:/st/stm32cubeide_1.4.0/stm32cubeide/plugins/com.st.stm32cube.ide.mcu.externaltools.gnu-tools-for-stm32.7-2018-q2-update.win32_1.4.0.202007081208/tools/bin/../lib/gcc/arm-none-eabi/7.3.1/../../../../arm-none-eabi/lib/thumb/v7e-m/fpv4-sp/hard\libc_nano.a(lib_a-mprec.o)
                0x000000000800d5c2                __i2b
 .text.__multiply
                0x000000000800d5d4      0x12c c:/st/stm32cubeide_1.4.0/stm32cubeide/plugins/com.st.stm32cube.ide.mcu.externaltools.gnu-tools-for-stm32.7-2018-q2-update.win32_1.4.0.202007081208/tools/bin/../lib/gcc/arm-none-eabi/7.3.1/../../../../arm-none-eabi/lib/thumb/v7e-m/fpv4-sp/hard\libc_nano.a(lib_a-mprec.o)
                0x000000000800d5d4                __multiply
 .text.__pow5mult
                0x000000000800d700       0x9c c:/st/stm32cubeide_1.4.0/stm32cubeide/plugins/com.st.stm32cube.ide.mcu.externaltools.gnu-tools-for-stm32.7-2018-q2-update.win32_1.4.0.202007081208/tools/bin/../lib/gcc/arm-none-eabi/7.3.1/../../../../arm-none-eabi/lib/thumb/v7e-m/fpv4-sp/hard\libc_nano.a(lib_a-mprec.o)
                0x000000000800d700                __pow5mult
 .text.__lshift
                0x000000000800d79c       0xa8 c:/st/stm32cubeide_1.4.0/stm32cubeide/plugins/com.st.stm32cube.ide.mcu.externaltools.gnu-tools-for-stm32.7-2018-q2-update.win32_1.4.0.202007081208/tools/bin/../lib/gcc/arm-none-eabi/7.3.1/../../../../arm-none-eabi/lib/thumb/v7e-m/fpv4-sp/hard\libc_nano.a(lib_a-mprec.o)
                0x000000000800d79c                __lshift
 .text.__mcmp   0x000000000800d844       0x34 c:/st/stm32cubeide_1.4.0/stm32cubeide/plugins/com.st.stm32cube.ide.mcu.externaltools.gnu-tools-for-stm32.7-2018-q2-update.win32_1.4.0.202007081208/tools/bin/../lib/gcc/arm-none-eabi/7.3.1/../../../../arm-none-eabi/lib/thumb/v7e-m/fpv4-sp/hard\libc_nano.a(lib_a-mprec.o)
                0x000000000800d844                __mcmp
 .text.__mdiff  0x000000000800d878       0xba c:/st/stm32cubeide_1.4.0/stm32cubeide/plugins/com.st.stm32cube.ide.mcu.externaltools.gnu-tools-for-stm32.7-2018-q2-update.win32_1.4.0.202007081208/tools/bin/../lib/gcc/arm-none-eabi/7.3.1/../../../../arm-none-eabi/lib/thumb/v7e-m/fpv4-sp/hard\libc_nano.a(lib_a-mprec.o)
                0x000000000800d878                __mdiff
 .text.__d2b    0x000000000800d932       0x9e c:/st/stm32cubeide_1.4.0/stm32cubeide/plugins/com.st.stm32cube.ide.mcu.externaltools.gnu-tools-for-stm32.7-2018-q2-update.win32_1.4.0.202007081208/tools/bin/../lib/gcc/arm-none-eabi/7.3.1/../../../../arm-none-eabi/lib/thumb/v7e-m/fpv4-sp/hard\libc_nano.a(lib_a-mprec.o)
                0x000000000800d932                __d2b
 .text._calloc_r
                0x000000000800d9d0       0x1c c:/st/stm32cubeide_1.4.0/stm32cubeide/plugins/com.st.stm32cube.ide.mcu.externaltools.gnu-tools-for-stm32.7-2018-q2-update.win32_1.4.0.202007081208/tools/bin/../lib/gcc/arm-none-eabi/7.3.1/../../../../arm-none-eabi/lib/thumb/v7e-m/fpv4-sp/hard\libc_nano.a(lib_a-nano-callocr.o)
                0x000000000800d9d0                _calloc_r
 .text.__ssputs_r
                0x000000000800d9ec       0xb4 c:/st/stm32cubeide_1.4.0/stm32cubeide/plugins/com.st.stm32cube.ide.mcu.externaltools.gnu-tools-for-stm32.7-2018-q2-update.win32_1.4.0.202007081208/tools/bin/../lib/gcc/arm-none-eabi/7.3.1/../../../../arm-none-eabi/lib/thumb/v7e-m/fpv4-sp/hard\libc_nano.a(lib_a-nano-svfprintf.o)
                0x000000000800d9ec                __ssputs_r
 .text._svfprintf_r
                0x000000000800daa0      0x1f0 c:/st/stm32cubeide_1.4.0/stm32cubeide/plugins/com.st.stm32cube.ide.mcu.externaltools.gnu-tools-for-stm32.7-2018-q2-update.win32_1.4.0.202007081208/tools/bin/../lib/gcc/arm-none-eabi/7.3.1/../../../../arm-none-eabi/lib/thumb/v7e-m/fpv4-sp/hard\libc_nano.a(lib_a-nano-svfprintf.o)
                0x000000000800daa0                _svfiprintf_r
                0x000000000800daa0                _svfprintf_r
 .text.__sfputc_r
                0x000000000800dc90       0x2e c:/st/stm32cubeide_1.4.0/stm32cubeide/plugins/com.st.stm32cube.ide.mcu.externaltools.gnu-tools-for-stm32.7-2018-q2-update.win32_1.4.0.202007081208/tools/bin/../lib/gcc/arm-none-eabi/7.3.1/../../../../arm-none-eabi/lib/thumb/v7e-m/fpv4-sp/hard\libc_nano.a(lib_a-nano-vfprintf.o)
 .text.__sfputs_r
                0x000000000800dcbe       0x24 c:/st/stm32cubeide_1.4.0/stm32cubeide/plugins/com.st.stm32cube.ide.mcu.externaltools.gnu-tools-for-stm32.7-2018-q2-update.win32_1.4.0.202007081208/tools/bin/../lib/gcc/arm-none-eabi/7.3.1/../../../../arm-none-eabi/lib/thumb/v7e-m/fpv4-sp/hard\libc_nano.a(lib_a-nano-vfprintf.o)
                0x000000000800dcbe                __sfputs_r
 *fill*         0x000000000800dce2        0x2 
 .text._vfprintf_r
                0x000000000800dce4      0x22c c:/st/stm32cubeide_1.4.0/stm32cubeide/plugins/com.st.stm32cube.ide.mcu.externaltools.gnu-tools-for-stm32.7-2018-q2-update.win32_1.4.0.202007081208/tools/bin/../lib/gcc/arm-none-eabi/7.3.1/../../../../arm-none-eabi/lib/thumb/v7e-m/fpv4-sp/hard\libc_nano.a(lib_a-nano-vfprintf.o)
                0x000000000800dce4                _vfprintf_r
                0x000000000800dce4                _vfiprintf_r
 .text.__sread  0x000000000800df10       0x22 c:/st/stm32cubeide_1.4.0/stm32cubeide/plugins/com.st.stm32cube.ide.mcu.externaltools.gnu-tools-for-stm32.7-2018-q2-update.win32_1.4.0.202007081208/tools/bin/../lib/gcc/arm-none-eabi/7.3.1/../../../../arm-none-eabi/lib/thumb/v7e-m/fpv4-sp/hard\libc_nano.a(lib_a-stdio.o)
                0x000000000800df10                __sread
 .text.__swrite
                0x000000000800df32       0x38 c:/st/stm32cubeide_1.4.0/stm32cubeide/plugins/com.st.stm32cube.ide.mcu.externaltools.gnu-tools-for-stm32.7-2018-q2-update.win32_1.4.0.202007081208/tools/bin/../lib/gcc/arm-none-eabi/7.3.1/../../../../arm-none-eabi/lib/thumb/v7e-m/fpv4-sp/hard\libc_nano.a(lib_a-stdio.o)
                0x000000000800df32                __swrite
 .text.__sseek  0x000000000800df6a       0x24 c:/st/stm32cubeide_1.4.0/stm32cubeide/plugins/com.st.stm32cube.ide.mcu.externaltools.gnu-tools-for-stm32.7-2018-q2-update.win32_1.4.0.202007081208/tools/bin/../lib/gcc/arm-none-eabi/7.3.1/../../../../arm-none-eabi/lib/thumb/v7e-m/fpv4-sp/hard\libc_nano.a(lib_a-stdio.o)
                0x000000000800df6a                __sseek
 .text.__sclose
                0x000000000800df8e        0x8 c:/st/stm32cubeide_1.4.0/stm32cubeide/plugins/com.st.stm32cube.ide.mcu.externaltools.gnu-tools-for-stm32.7-2018-q2-update.win32_1.4.0.202007081208/tools/bin/../lib/gcc/arm-none-eabi/7.3.1/../../../../arm-none-eabi/lib/thumb/v7e-m/fpv4-sp/hard\libc_nano.a(lib_a-stdio.o)
                0x000000000800df8e                __sclose
 *fill*         0x000000000800df96        0x2 
 .text.__swbuf_r
                0x000000000800df98       0xa4 c:/st/stm32cubeide_1.4.0/stm32cubeide/plugins/com.st.stm32cube.ide.mcu.externaltools.gnu-tools-for-stm32.7-2018-q2-update.win32_1.4.0.202007081208/tools/bin/../lib/gcc/arm-none-eabi/7.3.1/../../../../arm-none-eabi/lib/thumb/v7e-m/fpv4-sp/hard\libc_nano.a(lib_a-wbuf.o)
                0x000000000800df98                __swbuf_r
 .text._write_r
                0x000000000800e03c       0x24 c:/st/stm32cubeide_1.4.0/stm32cubeide/plugins/com.st.stm32cube.ide.mcu.externaltools.gnu-tools-for-stm32.7-2018-q2-update.win32_1.4.0.202007081208/tools/bin/../lib/gcc/arm-none-eabi/7.3.1/../../../../arm-none-eabi/lib/thumb/v7e-m/fpv4-sp/hard\libc_nano.a(lib_a-writer.o)
                0x000000000800e03c                _write_r
 .text.__swsetup_r
                0x000000000800e060       0xdc c:/st/stm32cubeide_1.4.0/stm32cubeide/plugins/com.st.stm32cube.ide.mcu.externaltools.gnu-tools-for-stm32.7-2018-q2-update.win32_1.4.0.202007081208/tools/bin/../lib/gcc/arm-none-eabi/7.3.1/../../../../arm-none-eabi/lib/thumb/v7e-m/fpv4-sp/hard\libc_nano.a(lib_a-wsetup.o)
                0x000000000800e060                __swsetup_r
 .text._close_r
                0x000000000800e13c       0x20 c:/st/stm32cubeide_1.4.0/stm32cubeide/plugins/com.st.stm32cube.ide.mcu.externaltools.gnu-tools-for-stm32.7-2018-q2-update.win32_1.4.0.202007081208/tools/bin/../lib/gcc/arm-none-eabi/7.3.1/../../../../arm-none-eabi/lib/thumb/v7e-m/fpv4-sp/hard\libc_nano.a(lib_a-closer.o)
                0x000000000800e13c                _close_r
 .text.__sflush_r
                0x000000000800e15c      0x10c c:/st/stm32cubeide_1.4.0/stm32cubeide/plugins/com.st.stm32cube.ide.mcu.externaltools.gnu-tools-for-stm32.7-2018-q2-update.win32_1.4.0.202007081208/tools/bin/../lib/gcc/arm-none-eabi/7.3.1/../../../../arm-none-eabi/lib/thumb/v7e-m/fpv4-sp/hard\libc_nano.a(lib_a-fflush.o)
                0x000000000800e15c                __sflush_r
 .text._fflush_r
                0x000000000800e268       0x54 c:/st/stm32cubeide_1.4.0/stm32cubeide/plugins/com.st.stm32cube.ide.mcu.externaltools.gnu-tools-for-stm32.7-2018-q2-update.win32_1.4.0.202007081208/tools/bin/../lib/gcc/arm-none-eabi/7.3.1/../../../../arm-none-eabi/lib/thumb/v7e-m/fpv4-sp/hard\libc_nano.a(lib_a-fflush.o)
                0x000000000800e268                _fflush_r
 .text._lseek_r
                0x000000000800e2bc       0x24 c:/st/stm32cubeide_1.4.0/stm32cubeide/plugins/com.st.stm32cube.ide.mcu.externaltools.gnu-tools-for-stm32.7-2018-q2-update.win32_1.4.0.202007081208/tools/bin/../lib/gcc/arm-none-eabi/7.3.1/../../../../arm-none-eabi/lib/thumb/v7e-m/fpv4-sp/hard\libc_nano.a(lib_a-lseekr.o)
                0x000000000800e2bc                _lseek_r
 .text.__swhatbuf_r
                0x000000000800e2e0       0x48 c:/st/stm32cubeide_1.4.0/stm32cubeide/plugins/com.st.stm32cube.ide.mcu.externaltools.gnu-tools-for-stm32.7-2018-q2-update.win32_1.4.0.202007081208/tools/bin/../lib/gcc/arm-none-eabi/7.3.1/../../../../arm-none-eabi/lib/thumb/v7e-m/fpv4-sp/hard\libc_nano.a(lib_a-makebuf.o)
                0x000000000800e2e0                __swhatbuf_r
 .text.__smakebuf_r
                0x000000000800e328       0x80 c:/st/stm32cubeide_1.4.0/stm32cubeide/plugins/com.st.stm32cube.ide.mcu.externaltools.gnu-tools-for-stm32.7-2018-q2-update.win32_1.4.0.202007081208/tools/bin/../lib/gcc/arm-none-eabi/7.3.1/../../../../arm-none-eabi/lib/thumb/v7e-m/fpv4-sp/hard\libc_nano.a(lib_a-makebuf.o)
                0x000000000800e328                __smakebuf_r
 .text.__ascii_mbtowc
                0x000000000800e3a8       0x24 c:/st/stm32cubeide_1.4.0/stm32cubeide/plugins/com.st.stm32cube.ide.mcu.externaltools.gnu-tools-for-stm32.7-2018-q2-update.win32_1.4.0.202007081208/tools/bin/../lib/gcc/arm-none-eabi/7.3.1/../../../../arm-none-eabi/lib/thumb/v7e-m/fpv4-sp/hard\libc_nano.a(lib_a-mbtowc_r.o)
                0x000000000800e3a8                __ascii_mbtowc
 .text.memmove  0x000000000800e3cc       0x32 c:/st/stm32cubeide_1.4.0/stm32cubeide/plugins/com.st.stm32cube.ide.mcu.externaltools.gnu-tools-for-stm32.7-2018-q2-update.win32_1.4.0.202007081208/tools/bin/../lib/gcc/arm-none-eabi/7.3.1/../../../../arm-none-eabi/lib/thumb/v7e-m/fpv4-sp/hard\libc_nano.a(lib_a-memmove.o)
                0x000000000800e3cc                memmove
 .text._realloc_r
                0x000000000800e3fe       0x4c c:/st/stm32cubeide_1.4.0/stm32cubeide/plugins/com.st.stm32cube.ide.mcu.externaltools.gnu-tools-for-stm32.7-2018-q2-update.win32_1.4.0.202007081208/tools/bin/../lib/gcc/arm-none-eabi/7.3.1/../../../../arm-none-eabi/lib/thumb/v7e-m/fpv4-sp/hard\libc_nano.a(lib_a-nano-reallocr.o)
                0x000000000800e3fe                _realloc_r
 *fill*         0x000000000800e44a        0x2 
 .text._read_r  0x000000000800e44c       0x24 c:/st/stm32cubeide_1.4.0/stm32cubeide/plugins/com.st.stm32cube.ide.mcu.externaltools.gnu-tools-for-stm32.7-2018-q2-update.win32_1.4.0.202007081208/tools/bin/../lib/gcc/arm-none-eabi/7.3.1/../../../../arm-none-eabi/lib/thumb/v7e-m/fpv4-sp/hard\libc_nano.a(lib_a-readr.o)
                0x000000000800e44c                _read_r
 .text.__ascii_wctomb
                0x000000000800e470       0x1a c:/st/stm32cubeide_1.4.0/stm32cubeide/plugins/com.st.stm32cube.ide.mcu.externaltools.gnu-tools-for-stm32.7-2018-q2-update.win32_1.4.0.202007081208/tools/bin/../lib/gcc/arm-none-eabi/7.3.1/../../../../arm-none-eabi/lib/thumb/v7e-m/fpv4-sp/hard\libc_nano.a(lib_a-wctomb_r.o)
                0x000000000800e470                __ascii_wctomb
 *fill*         0x000000000800e48a        0x2 
 .text._fstat_r
                0x000000000800e48c       0x24 c:/st/stm32cubeide_1.4.0/stm32cubeide/plugins/com.st.stm32cube.ide.mcu.externaltools.gnu-tools-for-stm32.7-2018-q2-update.win32_1.4.0.202007081208/tools/bin/../lib/gcc/arm-none-eabi/7.3.1/../../../../arm-none-eabi/lib/thumb/v7e-m/fpv4-sp/hard\libc_nano.a(lib_a-fstatr.o)
                0x000000000800e48c                _fstat_r
 .text._isatty_r
                0x000000000800e4b0       0x20 c:/st/stm32cubeide_1.4.0/stm32cubeide/plugins/com.st.stm32cube.ide.mcu.externaltools.gnu-tools-for-stm32.7-2018-q2-update.win32_1.4.0.202007081208/tools/bin/../lib/gcc/arm-none-eabi/7.3.1/../../../../arm-none-eabi/lib/thumb/v7e-m/fpv4-sp/hard\libc_nano.a(lib_a-isattyr.o)
                0x000000000800e4b0                _isatty_r
 .text._malloc_usable_size_r
                0x000000000800e4d0       0x10 c:/st/stm32cubeide_1.4.0/stm32cubeide/plugins/com.st.stm32cube.ide.mcu.externaltools.gnu-tools-for-stm32.7-2018-q2-update.win32_1.4.0.202007081208/tools/bin/../lib/gcc/arm-none-eabi/7.3.1/../../../../arm-none-eabi/lib/thumb/v7e-m/fpv4-sp/hard\libc_nano.a(lib_a-nano-msizer.o)
                0x000000000800e4d0                _malloc_usable_size_r
 .text.exp      0x000000000800e4e0       0xf8 c:/st/stm32cubeide_1.4.0/stm32cubeide/plugins/com.st.stm32cube.ide.mcu.externaltools.gnu-tools-for-stm32.7-2018-q2-update.win32_1.4.0.202007081208/tools/bin/../lib/gcc/arm-none-eabi/7.3.1/../../../../arm-none-eabi/lib/thumb/v7e-m/fpv4-sp/hard\libm.a(lib_a-w_exp.o)
                0x000000000800e4e0                exp
 .text.__ieee754_exp
                0x000000000800e5d8      0x2dc c:/st/stm32cubeide_1.4.0/stm32cubeide/plugins/com.st.stm32cube.ide.mcu.externaltools.gnu-tools-for-stm32.7-2018-q2-update.win32_1.4.0.202007081208/tools/bin/../lib/gcc/arm-none-eabi/7.3.1/../../../../arm-none-eabi/lib/thumb/v7e-m/fpv4-sp/hard\libm.a(lib_a-e_exp.o)
                0x000000000800e5d8                __ieee754_exp
 .text.finite   0x000000000800e8b4       0x10 c:/st/stm32cubeide_1.4.0/stm32cubeide/plugins/com.st.stm32cube.ide.mcu.externaltools.gnu-tools-for-stm32.7-2018-q2-update.win32_1.4.0.202007081208/tools/bin/../lib/gcc/arm-none-eabi/7.3.1/../../../../arm-none-eabi/lib/thumb/v7e-m/fpv4-sp/hard\libm.a(lib_a-s_finite.o)
                0x000000000800e8b4                finite
 .text.matherr  0x000000000800e8c4        0x4 c:/st/stm32cubeide_1.4.0/stm32cubeide/plugins/com.st.stm32cube.ide.mcu.externaltools.gnu-tools-for-stm32.7-2018-q2-update.win32_1.4.0.202007081208/tools/bin/../lib/gcc/arm-none-eabi/7.3.1/../../../../arm-none-eabi/lib/thumb/v7e-m/fpv4-sp/hard\libm.a(lib_a-s_matherr.o)
                0x000000000800e8c4                matherr
 *(.glue_7)
 .glue_7        0x000000000800e8c8        0x0 linker stubs
 *(.glue_7t)
 .glue_7t       0x000000000800e8c8        0x0 linker stubs
 *(.eh_frame)
 .eh_frame      0x000000000800e8c8        0x0 c:/st/stm32cubeide_1.4.0/stm32cubeide/plugins/com.st.stm32cube.ide.mcu.externaltools.gnu-tools-for-stm32.7-2018-q2-update.win32_1.4.0.202007081208/tools/bin/../lib/gcc/arm-none-eabi/7.3.1/thumb/v7e-m/fpv4-sp/hard/crtbegin.o
 *(.init)
 .init          0x000000000800e8c8        0x4 c:/st/stm32cubeide_1.4.0/stm32cubeide/plugins/com.st.stm32cube.ide.mcu.externaltools.gnu-tools-for-stm32.7-2018-q2-update.win32_1.4.0.202007081208/tools/bin/../lib/gcc/arm-none-eabi/7.3.1/thumb/v7e-m/fpv4-sp/hard/crti.o
                0x000000000800e8c8                _init
 .init          0x000000000800e8cc        0x8 c:/st/stm32cubeide_1.4.0/stm32cubeide/plugins/com.st.stm32cube.ide.mcu.externaltools.gnu-tools-for-stm32.7-2018-q2-update.win32_1.4.0.202007081208/tools/bin/../lib/gcc/arm-none-eabi/7.3.1/thumb/v7e-m/fpv4-sp/hard/crtn.o
 *(.fini)
 .fini          0x000000000800e8d4        0x4 c:/st/stm32cubeide_1.4.0/stm32cubeide/plugins/com.st.stm32cube.ide.mcu.externaltools.gnu-tools-for-stm32.7-2018-q2-update.win32_1.4.0.202007081208/tools/bin/../lib/gcc/arm-none-eabi/7.3.1/thumb/v7e-m/fpv4-sp/hard/crti.o
                0x000000000800e8d4                _fini
 .fini          0x000000000800e8d8        0x8 c:/st/stm32cubeide_1.4.0/stm32cubeide/plugins/com.st.stm32cube.ide.mcu.externaltools.gnu-tools-for-stm32.7-2018-q2-update.win32_1.4.0.202007081208/tools/bin/../lib/gcc/arm-none-eabi/7.3.1/thumb/v7e-m/fpv4-sp/hard/crtn.o
                0x000000000800e8e0                . = ALIGN (0x4)
                0x000000000800e8e0                _etext = .

.vfp11_veneer   0x000000000800e8e0        0x0
 .vfp11_veneer  0x000000000800e8e0        0x0 linker stubs

.v4_bx          0x000000000800e8e0        0x0
 .v4_bx         0x000000000800e8e0        0x0 linker stubs

.iplt           0x000000000800e8e0        0x0
 .iplt          0x000000000800e8e0        0x0 c:/st/stm32cubeide_1.4.0/stm32cubeide/plugins/com.st.stm32cube.ide.mcu.externaltools.gnu-tools-for-stm32.7-2018-q2-update.win32_1.4.0.202007081208/tools/bin/../lib/gcc/arm-none-eabi/7.3.1/thumb/v7e-m/fpv4-sp/hard/crtbegin.o

.rodata         0x000000000800e8e0     0x3128
                0x000000000800e8e0                . = ALIGN (0x4)
 *(.rodata)
 .rodata        0x000000000800e8e0       0x26 Core/BSP/openx07v_c_lcd.o
 *fill*         0x000000000800e906        0x2 
 .rodata        0x000000000800e908       0x2e Core/BSP/touch_panel.o
 *fill*         0x000000000800e936        0x2 
 .rodata        0x000000000800e938      0x2a5 Core/Src/main.o
 *(.rodata*)
 *fill*         0x000000000800ebdd        0x3 
 .rodata.Font12_Table
                0x000000000800ebe0      0x474 Core/Fonts/font12.o
                0x000000000800ebe0                Font12_Table
 .rodata.Font16_Table
                0x000000000800f054      0xbe0 Core/Fonts/font16.o
                0x000000000800f054                Font16_Table
 .rodata.Font24_Table
                0x000000000800fc34     0x1ab8 Core/Fonts/font24.o
                0x000000000800fc34                Font24_Table
 .rodata.AHBPrescTable
                0x00000000080116ec       0x10 Core/Src/system_stm32f4xx.o
                0x00000000080116ec                AHBPrescTable
 .rodata.APBPrescTable
                0x00000000080116fc        0x8 Core/Src/system_stm32f4xx.o
                0x00000000080116fc                APBPrescTable
 .rodata.flagBitshiftOffset.8806
                0x0000000008011704        0x8 Drivers/STM32F4xx_HAL_Driver/Src/stm32f4xx_hal_dma.o
 .rodata._global_impure_ptr
                0x000000000801170c        0x4 c:/st/stm32cubeide_1.4.0/stm32cubeide/plugins/com.st.stm32cube.ide.mcu.externaltools.gnu-tools-for-stm32.7-2018-q2-update.win32_1.4.0.202007081208/tools/bin/../lib/gcc/arm-none-eabi/7.3.1/../../../../arm-none-eabi/lib/thumb/v7e-m/fpv4-sp/hard\libc_nano.a(lib_a-impure.o)
                0x000000000801170c                _global_impure_ptr
 .rodata._printf_float.str1.1
                0x0000000008011710       0x12 c:/st/stm32cubeide_1.4.0/stm32cubeide/plugins/com.st.stm32cube.ide.mcu.externaltools.gnu-tools-for-stm32.7-2018-q2-update.win32_1.4.0.202007081208/tools/bin/../lib/gcc/arm-none-eabi/7.3.1/../../../../arm-none-eabi/lib/thumb/v7e-m/fpv4-sp/hard\libc_nano.a(lib_a-nano-vfprintf_float.o)
 .rodata._printf_i.str1.1