ili9325.c:126:6:LCD_IO_Init	4	static
ili9325.c:143:6:LCD_IO_WriteMultipleData	24	static
ili9325.c:161:6:LCD_IO_WriteReg	16	static
ili9325.c:173:10:LCD_IO_ReadData	4	static
ili9325.c:184:6:ili9325_Init	8	static
ili9325.c:287:6:ili9325_DisplayOn	8	static
ili9325.c:312:6:ili9325_DisplayOff	8	static
ili9325.c:331:10:ili9325_GetLcdPixelWidth	4	static
ili9325.c:341:10:ili9325_GetLcdPixelHeight	4	static
ili9325.c:351:10:ili9325_ReadID	8	static
ili9325.c:363:6:ili9325_SetCursor	16	static
ili9325.c:384:6:ili9325_WritePixel	16	static
ili9325.c:401:10:ili9325_ReadPixel	16	static
ili9325.c:422:6:ili9325_WriteReg	16	static
ili9325.c:435:10:ili9325_ReadReg	24	static
ili9325.c:460:6:ili9325_SetDisplayWindow	24	static
ili9325.c:504:6:ili9325_DrawHLine	32	static
ili9325.c:531:6:ili9325_DrawVLine	32	static
ili9325.c:578:6:ili9325_DrawBitmap	24	static
ili9325.c:626:6:ili9325_DrawRGBImage	32	static
ili9325.c:646:6:ili9325_Clear	24	static
