openx07v_c_lcd.c:115:9:BSP_LCD_Init	24	static
openx07v_c_lcd.c:155:10:BSP_LCD_GetXSize	8	static
openx07v_c_lcd.c:164:10:BSP_LCD_GetYSize	8	static
openx07v_c_lcd.c:173:10:BSP_LCD_GetTextColor	4	static
openx07v_c_lcd.c:182:10:BSP_LCD_GetBackColor	4	static
openx07v_c_lcd.c:192:6:BSP_LCD_SetTextColor	16	static
openx07v_c_lcd.c:202:6:BSP_LCD_SetBackColor	16	static
openx07v_c_lcd.c:212:6:BSP_LCD_SetFont	16	static
openx07v_c_lcd.c:221:8:BSP_LCD_GetFont	4	static
openx07v_c_lcd.c:231:6:BSP_LCD_Clear	32	static
openx07v_c_lcd.c:256:6:BSP_LCD_ClearStringLine	32	static
openx07v_c_lcd.c:276:6:BSP_LCD_DisplayChar	16	static
openx07v_c_lcd.c:294:6:BSP_LCD_DisplayStringAt	48	static
openx07v_c_lcd.c:360:6:BSP_LCD_DisplayStringAtLine	16	static
openx07v_c_lcd.c:371:10:BSP_LCD_ReadPixel	24	static
openx07v_c_lcd.c:390:6:BSP_LCD_DrawHLine	32	static
openx07v_c_lcd.c:414:6:BSP_LCD_DrawVLine	32	static
openx07v_c_lcd.c:439:6:BSP_LCD_DrawLine	56	static
openx07v_c_lcd.c:514:6:BSP_LCD_DrawRect	24	static
openx07v_c_lcd.c:532:6:BSP_LCD_DrawCircle	32	static
openx07v_c_lcd.c:582:6:BSP_LCD_DrawPolygon	32	static
openx07v_c_lcd.c:611:6:BSP_LCD_DrawEllipse	56	static
openx07v_c_lcd.c:644:6:BSP_LCD_DrawBitmap	32	static
openx07v_c_lcd.c:676:6:BSP_LCD_DrawRGBImage	32	static
openx07v_c_lcd.c:696:6:BSP_LCD_FillRect	24	static
openx07v_c_lcd.c:713:6:BSP_LCD_FillCircle	32	static
openx07v_c_lcd.c:763:6:BSP_LCD_FillEllipse	56	static
openx07v_c_lcd.c:793:6:BSP_LCD_DisplayOn	8	static
openx07v_c_lcd.c:802:6:BSP_LCD_DisplayOff	8	static
openx07v_c_lcd.c:825:13:LCD_DrawPixel	16	static
openx07v_c_lcd.c:840:13:LCD_DrawChar	48	static
openx07v_c_lcd.c:911:13:LCD_SetDisplayWindow	24	static
